de.janno.discord.bot.command.sumCustomSet.SumCustomSetCommandTest.configSerialization=[
  {
    "configUUID": "00000000-0000-0000-0000-000000000000",
    "guildId": 1,
    "channelId": 2,
    "commandId": "sum_custom_set",
    "configClassId": "SumCustomSetConfig",
    "config": "---\nanswerTargetChannelId: 123\nlabelAndExpression:\n- buttonId: \"1_button\"\n  label: \"Label\"\n  diceExpression: \"+1d6\"\n  newLine: false\n  directRoll: false\n- buttonId: \"2_button\"\n  label: \"+2d4\"\n  diceExpression: \"+2d4\"\n  newLine: true\n  directRoll: false\nalwaysSumResult: true\nhideExpressionInStatusAndAnswer: true\nsystemButtonNewLine: true\nprefix: \"groupC(\"\npostfix: \")\"\nanswerFormatType: \"full\"\nanswerInteractionType: \"none\"\nconfigLocale: \"de\"\ndiceStyleAndColor:\n  diceImageStyle: \"polyhedral_alies_v2\"\n  configuredDefaultColor: \"blue_and_silver\"\n"
  }
]


de.janno.discord.bot.command.sumCustomSet.SumCustomSetCommandTest.createSlashResponseMessageWithState=[
  {
    "descriptionOrContent": "Click the buttons to add dice to the set and then on Roll",
    "fields": [ ],
    "componentRowDefinitions": [
      {
        "buttonDefinitions": [
          {
            "label": "1d6",
            "id": "sum_custom_set\u001E1_button\u001E00000000-0000-0000-0000-000000000000",
            "style": "PRIMARY",
            "disabled": false
          },
          {
            "label": "3d6",
            "id": "sum_custom_set\u001E2_button\u001E00000000-0000-0000-0000-000000000000",
            "style": "PRIMARY",
            "disabled": false
          },
          {
            "label": "4",
            "id": "sum_custom_set\u001E3_button\u001E00000000-0000-0000-0000-000000000000",
            "style": "PRIMARY",
            "disabled": false
          },
          {
            "label": "2d10min10",
            "id": "sum_custom_set\u001E4_button\u001E00000000-0000-0000-0000-000000000000",
            "style": "PRIMARY",
            "disabled": false
          },
          {
            "label": "Roll",
            "id": "sum_custom_set\u001Eroll\u001E00000000-0000-0000-0000-000000000000",
            "style": "SUCCESS",
            "disabled": true
          }
        ]
      },
      {
        "buttonDefinitions": [
          {
            "label": "Clear",
            "id": "sum_custom_set\u001Eclear\u001E00000000-0000-0000-0000-000000000000",
            "style": "DANGER",
            "disabled": false
          },
          {
            "label": "Back",
            "id": "sum_custom_set\u001Eback\u001E00000000-0000-0000-0000-000000000000",
            "style": "SECONDARY",
            "disabled": true
          }
        ]
      }
    ],
    "type": "MESSAGE",
    "userReference": false
  }
]


de.janno.discord.bot.command.sumCustomSet.SumCustomSetCommandTest.getButtonMessage=[
  {
    "descriptionOrContent": "Click the buttons to add dice to the set and then on Roll",
    "fields": [ ],
    "componentRowDefinitions": [
      {
        "buttonDefinitions": [
          {
            "label": "1d6",
            "id": "sum_custom_set\u001E1_button\u001E00000000-0000-0000-0000-000000000000",
            "style": "PRIMARY",
            "disabled": false
          },
          {
            "label": "3d6",
            "id": "sum_custom_set\u001E2_button\u001E00000000-0000-0000-0000-000000000000",
            "style": "PRIMARY",
            "disabled": false
          },
          {
            "label": "4",
            "id": "sum_custom_set\u001E3_button\u001E00000000-0000-0000-0000-000000000000",
            "style": "PRIMARY",
            "disabled": false
          },
          {
            "label": "2d10min10",
            "id": "sum_custom_set\u001E4_button\u001E00000000-0000-0000-0000-000000000000",
            "style": "PRIMARY",
            "disabled": false
          },
          {
            "label": "Roll",
            "id": "sum_custom_set\u001Eroll\u001E00000000-0000-0000-0000-000000000000",
            "style": "SUCCESS",
            "disabled": true
          }
        ]
      },
      {
        "buttonDefinitions": [
          {
            "label": "Clear",
            "id": "sum_custom_set\u001Eclear\u001E00000000-0000-0000-0000-000000000000",
            "style": "DANGER",
            "disabled": false
          },
          {
            "label": "Back",
            "id": "sum_custom_set\u001Eback\u001E00000000-0000-0000-0000-000000000000",
            "style": "SECONDARY",
            "disabled": true
          }
        ]
      }
    ],
    "type": "MESSAGE",
    "userReference": false
  }
]


de.janno.discord.bot.command.sumCustomSet.SumCustomSetCommandTest.getButtonMessageWithState_roll=[
  {
    "descriptionOrContent": "Click the buttons to add dice to the set and then on Roll",
    "fields": [ ],
    "componentRowDefinitions": [
      {
        "buttonDefinitions": [
          {
            "label": "1d6",
            "id": "sum_custom_set\u001E1_button\u001E00000000-0000-0000-0000-000000000000",
            "style": "PRIMARY",
            "disabled": false
          },
          {
            "label": "3d6",
            "id": "sum_custom_set\u001E2_button\u001E00000000-0000-0000-0000-000000000000",
            "style": "PRIMARY",
            "disabled": false
          },
          {
            "label": "4",
            "id": "sum_custom_set\u001E3_button\u001E00000000-0000-0000-0000-000000000000",
            "style": "PRIMARY",
            "disabled": false
          },
          {
            "label": "2d10min10",
            "id": "sum_custom_set\u001E4_button\u001E00000000-0000-0000-0000-000000000000",
            "style": "PRIMARY",
            "disabled": false
          },
          {
            "label": "Roll",
            "id": "sum_custom_set\u001Eroll\u001E00000000-0000-0000-0000-000000000000",
            "style": "SUCCESS",
            "disabled": true
          }
        ]
      },
      {
        "buttonDefinitions": [
          {
            "label": "Clear",
            "id": "sum_custom_set\u001Eclear\u001E00000000-0000-0000-0000-000000000000",
            "style": "DANGER",
            "disabled": false
          },
          {
            "label": "Back",
            "id": "sum_custom_set\u001Eback\u001E00000000-0000-0000-0000-000000000000",
            "style": "SECONDARY",
            "disabled": true
          }
        ]
      }
    ],
    "type": "MESSAGE",
    "userReference": false
  }
]


de.janno.discord.bot.command.sumCustomSet.SumCustomSetCommandTest.getCommandDefinition=[
  {
    "name": "sum_custom_set",
    "description": "Configure a variable set of dice",
    "nameLocales": [ ],
    "descriptionLocales": [
      {
        "locale": "de",
        "description": "Konfiguriere eine variable Menge an Würfeln"
      },
      {
        "locale": "pt_BR",
        "description": "Configure uma conjunto de dados variáveis"
      },
      {
        "locale": "fr",
        "description": "Configurer un jeu de dés variable"
      }
    ],
    "options": [
      {
        "type": "SUB_COMMAND",
        "name": "start",
        "nameLocales": [ ],
        "description": "Configure a variable set of dice",
        "descriptionLocales": [
          {
            "locale": "de",
            "description": "Konfiguriere eine variable Menge an Würfeln"
          },
          {
            "locale": "pt_BR",
            "description": "Configure uma conjunto de dados variáveis"
          },
          {
            "locale": "fr",
            "description": "Configurer un jeu de dés variable"
          }
        ],
        "required": false,
        "choices": [ ],
        "options": [
          {
            "type": "STRING",
            "name": "buttons",
            "nameLocales": [ ],
            "description": "Define one or more buttons separated by `;`",
            "descriptionLocales": [
              {
                "locale": "de",
                "description": "Definiere ein oder mehrere Buttons, separiert mit `;`"
              },
              {
                "locale": "pt_BR",
                "description": "Defina um ou mais botôes separados por `;`"
              },
              {
                "locale": "fr",
                "description": "Définir un ou plusieurs boutons séparés par `;`"
              }
            ],
            "required": true,
            "choices": [ ],
            "options": [ ],
            "autoComplete": false
          },
          {
            "type": "BOOLEAN",
            "name": "always_sum_result",
            "nameLocales": [ ],
            "description": "Always sum the results of the dice expressions",
            "descriptionLocales": [
              {
                "locale": "de",
                "description": "Addiere die Würfel immer zusammen"
              },
              {
                "locale": "pt_BR",
                "description": "Sempre soma os resultados das fórmulas de rolagens"
              },
              {
                "locale": "fr",
                "description": "Toujours additionner les résultats des expressions de dés"
              }
            ],
            "required": false,
            "choices": [ ],
            "options": [ ],
            "autoComplete": false
          },
          {
            "type": "BOOLEAN",
            "name": "hide_expression_in_answer",
            "nameLocales": [ ],
            "description": "Show the label of the buttons and not the dice expression for the answer",
            "descriptionLocales": [
              {
                "locale": "de",
                "description": "Verwende die Beschriftung der Buttons und nicht den Würfelausdruck für die Antwort"
              },
              {
                "locale": "pt_BR",
                "description": "Mostre o rótulo dos botões e não a expressão de dados para a resposta"
              },
              {
                "locale": "fr",
                "description": "Afficher le libellé des boutons et non l'expression de dés pour la réponse"
              }
            ],
            "required": false,
            "choices": [ ],
            "options": [ ],
            "autoComplete": false
          },
          {
            "type": "STRING",
            "name": "prefix",
            "nameLocales": [ ],
            "description": "An expression part that is always added in front",
            "descriptionLocales": [
              {
                "locale": "de",
                "description": "Ein Ausdruck der immer vorne hinzugefügt wird"
              },
              {
                "locale": "pt_BR",
                "description": "Uma expressão que é sempre adicionada na frente"
              },
              {
                "locale": "fr",
                "description": "Une expression qui est toujours ajoutée au début"
              }
            ],
            "required": false,
            "choices": [ ],
            "options": [ ],
            "autoComplete": false
          },
          {
            "type": "STRING",
            "name": "postfix",
            "nameLocales": [ ],
            "description": "An expression part that is always added in at the end",
            "descriptionLocales": [
              {
                "locale": "de",
                "description": "Ein Ausdruck der immer hinten hinzugefügt wird"
              },
              {
                "locale": "pt_BR",
                "description": "Uma expressão que é sempre adicionada no final"
              },
              {
                "locale": "fr",
                "description": "Une expression qui est toujours ajoutée à la fin"
              }
            ],
            "required": false,
            "choices": [ ],
            "options": [ ],
            "autoComplete": false
          },
          {
            "type": "CHANNEL",
            "name": "target_channel",
            "nameLocales": [ ],
            "description": "Another channel where the answer will be given",
            "descriptionLocales": [
              {
                "locale": "de",
                "description": "Ein anderer Kanal in der die Nachricht gesendet wird"
              },
              {
                "locale": "pt_BR",
                "description": "Outro canal onde o resultado será mostrado"
              },
              {
                "locale": "fr",
                "description": "Autre canal où la réponse sera donnée"
              }
            ],
            "required": false,
            "choices": [ ],
            "options": [ ],
            "autoComplete": false
          },
          {
            "type": "STRING",
            "name": "answer_format",
            "nameLocales": [ ],
            "description": "How the answer will be displayed",
            "descriptionLocales": [
              {
                "locale": "de",
                "description": "Wie die Antwort formatiert wird"
              },
              {
                "locale": "pt_BR",
                "description": "Como o resultado será exibido"
              },
              {
                "locale": "fr",
                "description": "Comment la réponse sera affichée"
              }
            ],
            "required": false,
            "choices": [
              {
                "name": "full",
                "value": "full",
                "nameLocales": [ ]
              },
              {
                "name": "without_expression",
                "value": "without_expression",
                "nameLocales": [ ]
              },
              {
                "name": "only_result",
                "value": "only_result",
                "nameLocales": [ ]
              },
              {
                "name": "only_dice",
                "value": "only_dice",
                "nameLocales": [ ]
              },
              {
                "name": "compact",
                "value": "compact",
                "nameLocales": [ ]
              },
              {
                "name": "minimal",
                "value": "minimal",
                "nameLocales": [ ]
              }
            ],
            "options": [ ],
            "autoComplete": false
          },
          {
            "type": "STRING",
            "name": "dice_image_style",
            "nameLocales": [ ],
            "description": "If and in what style the dice throw should be shown as image",
            "descriptionLocales": [
              {
                "locale": "de",
                "description": "Ob und in welchen Stil Würfelbilder gezeigt werden"
              },
              {
                "locale": "pt_BR",
                "description": "Se os dados devem ser mostrados como imagens e em qual estilo"
              },
              {
                "locale": "fr",
                "description": "Si et dans quel style le lancer de dés doit être montré comme une image"
              }
            ],
            "required": false,
            "choices": [
              {
                "name": "none",
                "value": "none",
                "nameLocales": [
                  {
                    "locale": "pt_BR",
                    "choice": "nenhum"
                  }
                ]
              },
              {
                "name": "polyhedral_3d",
                "value": "polyhedral_3d",
                "nameLocales": [ ]
              },
              {
                "name": "polyhedral_alies_v2",
                "value": "polyhedral_alies_v2",
                "nameLocales": [ ]
              },
              {
                "name": "polyhedral_knots",
                "value": "polyhedral_knots",
                "nameLocales": [ ]
              },
              {
                "name": "polyhedral_RdD",
                "value": "polyhedral_RdD",
                "nameLocales": [ ]
              },
              {
                "name": "fate",
                "value": "fate",
                "nameLocales": [ ]
              },
              {
                "name": "d6_dots",
                "value": "d6_dots",
                "nameLocales": [ ]
              },
              {
                "name": "expanse",
                "value": "expanse",
                "nameLocales": [ ]
              },
              {
                "name": "d6_marvel",
                "value": "d6_marvel",
                "nameLocales": [ ]
              },
              {
                "name": "polyhedral_2d",
                "value": "polyhedral_2d",
                "nameLocales": [ ]
              },
              {
                "name": "polyhedral_alies_v1",
                "value": "polyhedral_alies_v1",
                "nameLocales": [ ]
              }
            ],
            "options": [ ],
            "autoComplete": false
          },
          {
            "type": "STRING",
            "name": "dice_image_color",
            "nameLocales": [ ],
            "description": "The default color option. Can be influenced by the `col` operator",
            "descriptionLocales": [
              {
                "locale": "de",
                "description": "Die Standardfarbe, kann mit noch mit `col` beeinflusst werden."
              },
              {
                "locale": "pt_BR",
                "description": "A opção de cor padrão. Pode ser influenciada pelo operador `col`"
              },
              {
                "locale": "fr",
                "description": "L'option de couleur par défaut. Peut être influencée par l'opérateur `col`."
              }
            ],
            "required": false,
            "choices": [ ],
            "options": [ ],
            "autoComplete": true
          },
          {
            "type": "STRING",
            "name": "language",
            "nameLocales": [ ],
            "description": "The language of the bot messages",
            "descriptionLocales": [
              {
                "locale": "de",
                "description": "Die Sprach des Bots"
              },
              {
                "locale": "pt_BR",
                "description": "O idioma da mensagem do bot"
              },
              {
                "locale": "fr",
                "description": "La langue des messages du robot"
              }
            ],
            "required": false,
            "choices": [
              {
                "name": "English",
                "value": "en",
                "nameLocales": [
                  {
                    "locale": "de",
                    "choice": "Englisch"
                  },
                  {
                    "locale": "pt_BR",
                    "choice": "Inglês"
                  },
                  {
                    "locale": "fr",
                    "choice": "Anglais"
                  }
                ]
              },
              {
                "name": "German",
                "value": "de",
                "nameLocales": [
                  {
                    "locale": "de",
                    "choice": "Deutsch"
                  },
                  {
                    "locale": "pt_BR",
                    "choice": "Alemão"
                  },
                  {
                    "locale": "fr",
                    "choice": "Allemand"
                  }
                ]
              },
              {
                "name": "Portuguese (Brazil)",
                "value": "pt_BR",
                "nameLocales": [
                  {
                    "locale": "de",
                    "choice": "Brasilianisches Portugiesisch"
                  },
                  {
                    "locale": "pt_BR",
                    "choice": "Português Brasileiro"
                  },
                  {
                    "locale": "fr",
                    "choice": "Portugais du Brésil"
                  }
                ]
              },
              {
                "name": "French",
                "value": "fr",
                "nameLocales": [
                  {
                    "locale": "de",
                    "choice": "Französisch"
                  },
                  {
                    "locale": "pt_BR",
                    "choice": "Francês"
                  },
                  {
                    "locale": "fr",
                    "choice": "Français"
                  }
                ]
              }
            ],
            "options": [ ],
            "autoComplete": false
          },
          {
            "type": "STRING",
            "name": "answer_interaction",
            "nameLocales": [ ],
            "description": "If the answer provides interaction options like rerolls",
            "descriptionLocales": [ ],
            "required": false,
            "choices": [
              {
                "name": "none",
                "value": "none",
                "nameLocales": [ ]
              },
              {
                "name": "reroll",
                "value": "reroll",
                "nameLocales": [ ]
              }
            ],
            "options": [ ],
            "autoComplete": false
          }
        ],
        "autoComplete": false
      },
      {
        "type": "SUB_COMMAND",
        "name": "help",
        "nameLocales": [ ],
        "description": "Get help for `/sum_custom_set`",
        "descriptionLocales": [
          {
            "locale": "de",
            "description": "Hilfe für `/sum_custom_set`"
          },
          {
            "locale": "pt_BR",
            "description": "Consiga ajuda para `/sum_custom_set`"
          },
          {
            "locale": "fr",
            "description": "Obtenir de l'aide pour `/sum_custom_set`"
          }
        ],
        "required": false,
        "choices": [ ],
        "options": [ ],
        "autoComplete": false
      }
    ]
  }
]


de.janno.discord.bot.command.sumCustomSet.SumCustomSetCommandTest.getId=[
  "sum_custom_set"
]