de.janno.discord.bot.command.customDice.CustomDiceCommandTest.configSerialization=[
  {
    "configUUID": "00000000-0000-0000-0000-000000000000",
    "guildId": 1,
    "channelId": 2,
    "commandId": "custom_dice",
    "configClassId": "CustomDiceConfig",
    "config": "---\nanswerTargetChannelId: 123\nbuttonIdLabelAndDiceExpressions:\n- buttonId: \"1_button\"\n  label: \"Label\"\n  diceExpression: \"+1d6\"\n  newLine: false\n  directRoll: false\n- buttonId: \"2_button\"\n  label: \"+2d4\"\n  diceExpression: \"+2d4\"\n  newLine: true\n  directRoll: false\nanswerFormatType: \"compact\"\nanswerInteractionType: \"none\"\nconfigLocale: \"de\"\ndiceStyleAndColor:\n  diceImageStyle: \"polyhedral_alies_v2\"\n  configuredDefaultColor: \"blue_and_silver\"\n"
  }
]


de.janno.discord.bot.command.customDice.CustomDiceCommandTest.getCommandDefinition=[
  {
    "name": "custom_dice",
    "description": "Configure dice buttons like: 1d6;2d8=;1d10+10=",
    "nameLocales": [ ],
    "descriptionLocales": [
      {
        "locale": "de",
        "description": "Konfiguriere Buttons, zum Beispiel: 1d6;2d8=;1d10+10="
      },
      {
        "locale": "pt_BR",
        "description": "Configure os botões de dados assim: 1d6;2d8=;1d10+10="
      },
      {
        "locale": "fr",
        "description": "Configurer les boutons de dés comme : 1d6;2d8=;1d10+10="
      }
    ],
    "options": [
      {
        "type": "SUB_COMMAND",
        "name": "start",
        "nameLocales": [ ],
        "description": "Configure dice buttons like: 1d6;2d8=;1d10+10=",
        "descriptionLocales": [
          {
            "locale": "de",
            "description": "Konfiguriere Buttons, zum Beispiel: 1d6;2d8=;1d10+10="
          },
          {
            "locale": "pt_BR",
            "description": "Configure os botões de dados assim: 1d6;2d8=;1d10+10="
          },
          {
            "locale": "fr",
            "description": "Configurer les boutons de dés comme : 1d6;2d8=;1d10+10="
          }
        ],
        "required": false,
        "choices": [ ],
        "options": [
          {
            "type": "STRING",
            "name": "buttons",
            "nameLocales": [ ],
            "description": "Define one or more buttons separated by `;`",
            "descriptionLocales": [
              {
                "locale": "de",
                "description": "Definiere ein oder mehrere Buttons, separiert mit `;`"
              },
              {
                "locale": "pt_BR",
                "description": "Defina um ou mais botões, separados por `;`"
              },
              {
                "locale": "fr",
                "description": "Définir un ou plusieurs boutons séparés par `;`"
              }
            ],
            "required": true,
            "choices": [ ],
            "options": [ ],
            "autoComplete": false
          },
          {
            "type": "CHANNEL",
            "name": "target_channel",
            "nameLocales": [ ],
            "description": "Another channel where the answer will be given",
            "descriptionLocales": [
              {
                "locale": "de",
                "description": "Ein anderer Kanal in der die Nachricht gesendet wird"
              },
              {
                "locale": "pt_BR",
                "description": "Outro canal onde o resultado será mostrado"
              },
              {
                "locale": "fr",
                "description": "Autre canal où la réponse sera donnée"
              }
            ],
            "required": false,
            "choices": [ ],
            "options": [ ],
            "autoComplete": false
          },
          {
            "type": "STRING",
            "name": "answer_format",
            "nameLocales": [ ],
            "description": "How the answer will be displayed",
            "descriptionLocales": [
              {
                "locale": "de",
                "description": "Wie die Antwort formatiert wird"
              },
              {
                "locale": "pt_BR",
                "description": "Como o resultado será exibido"
              },
              {
                "locale": "fr",
                "description": "Comment la réponse sera affichée"
              }
            ],
            "required": false,
            "choices": [
              {
                "name": "full",
                "value": "full",
                "nameLocales": [ ]
              },
              {
                "name": "without_expression",
                "value": "without_expression",
                "nameLocales": [ ]
              },
              {
                "name": "only_result",
                "value": "only_result",
                "nameLocales": [ ]
              },
              {
                "name": "only_dice",
                "value": "only_dice",
                "nameLocales": [ ]
              },
              {
                "name": "compact",
                "value": "compact",
                "nameLocales": [ ]
              },
              {
                "name": "minimal",
                "value": "minimal",
                "nameLocales": [ ]
              }
            ],
            "options": [ ],
            "autoComplete": false
          },
          {
            "type": "STRING",
            "name": "dice_image_style",
            "nameLocales": [ ],
            "description": "If and in what style the dice throw should be shown as image",
            "descriptionLocales": [
              {
                "locale": "de",
                "description": "Ob und in welchen Stil Würfelbilder gezeigt werden"
              },
              {
                "locale": "pt_BR",
                "description": "Se os dados devem ser mostrados como imagens e em qual estilo"
              },
              {
                "locale": "fr",
                "description": "Si et dans quel style le lancer de dés doit être montré comme une image"
              }
            ],
            "required": false,
            "choices": [
              {
                "name": "none",
                "value": "none",
                "nameLocales": [
                  {
                    "locale": "pt_BR",
                    "choice": "nenhum"
                  }
                ]
              },
              {
                "name": "polyhedral_3d",
                "value": "polyhedral_3d",
                "nameLocales": [ ]
              },
              {
                "name": "polyhedral_alies_v2",
                "value": "polyhedral_alies_v2",
                "nameLocales": [ ]
              },
              {
                "name": "polyhedral_knots",
                "value": "polyhedral_knots",
                "nameLocales": [ ]
              },
              {
                "name": "polyhedral_RdD",
                "value": "polyhedral_RdD",
                "nameLocales": [ ]
              },
              {
                "name": "fate",
                "value": "fate",
                "nameLocales": [ ]
              },
              {
                "name": "d6_dots",
                "value": "d6_dots",
                "nameLocales": [ ]
              },
              {
                "name": "expanse",
                "value": "expanse",
                "nameLocales": [ ]
              },
              {
                "name": "d6_marvel",
                "value": "d6_marvel",
                "nameLocales": [ ]
              },
              {
                "name": "d6_marvel_v2",
                "value": "d6_marvel_v2",
                "nameLocales": [ ]
              },
              {
                "name": "polyhedral_2d",
                "value": "polyhedral_2d",
                "nameLocales": [ ]
              },
              {
                "name": "polyhedral_alies_v1",
                "value": "polyhedral_alies_v1",
                "nameLocales": [ ]
              }
            ],
            "options": [ ],
            "autoComplete": false
          },
          {
            "type": "STRING",
            "name": "dice_image_color",
            "nameLocales": [ ],
            "description": "The default color option. Can be influenced by the `col` operator",
            "descriptionLocales": [
              {
                "locale": "de",
                "description": "Die Standardfarbe, kann mit noch mit `col` beeinflusst werden."
              },
              {
                "locale": "pt_BR",
                "description": "A opção de cor padrão. Pode ser influenciada pelo operador `col`"
              },
              {
                "locale": "fr",
                "description": "L'option de couleur par défaut. Peut être influencée par l'opérateur `col`."
              }
            ],
            "required": false,
            "choices": [ ],
            "options": [ ],
            "autoComplete": true
          },
          {
            "type": "STRING",
            "name": "language",
            "nameLocales": [ ],
            "description": "The language of the bot messages",
            "descriptionLocales": [
              {
                "locale": "de",
                "description": "Die Sprach des Bots"
              },
              {
                "locale": "pt_BR",
                "description": "O idioma da mensagem do bot"
              },
              {
                "locale": "fr",
                "description": "La langue des messages du robot"
              }
            ],
            "required": false,
            "choices": [
              {
                "name": "English",
                "value": "en",
                "nameLocales": [
                  {
                    "locale": "de",
                    "choice": "Englisch"
                  },
                  {
                    "locale": "pt_BR",
                    "choice": "Inglês"
                  },
                  {
                    "locale": "fr",
                    "choice": "Anglais"
                  }
                ]
              },
              {
                "name": "German",
                "value": "de",
                "nameLocales": [
                  {
                    "locale": "de",
                    "choice": "Deutsch"
                  },
                  {
                    "locale": "pt_BR",
                    "choice": "Alemão"
                  },
                  {
                    "locale": "fr",
                    "choice": "Allemand"
                  }
                ]
              },
              {
                "name": "Portuguese (Brazil)",
                "value": "pt_BR",
                "nameLocales": [
                  {
                    "locale": "de",
                    "choice": "Brasilianisches Portugiesisch"
                  },
                  {
                    "locale": "pt_BR",
                    "choice": "Português Brasileiro"
                  },
                  {
                    "locale": "fr",
                    "choice": "Portugais du Brésil"
                  }
                ]
              },
              {
                "name": "French",
                "value": "fr",
                "nameLocales": [
                  {
                    "locale": "de",
                    "choice": "Französisch"
                  },
                  {
                    "locale": "pt_BR",
                    "choice": "Francês"
                  },
                  {
                    "locale": "fr",
                    "choice": "Français"
                  }
                ]
              }
            ],
            "options": [ ],
            "autoComplete": false
          },
          {
            "type": "STRING",
            "name": "answer_interaction",
            "nameLocales": [ ],
            "description": "If the answer provides interaction options like rerolls",
            "descriptionLocales": [ ],
            "required": false,
            "choices": [
              {
                "name": "none",
                "value": "none",
                "nameLocales": [ ]
              },
              {
                "name": "reroll",
                "value": "reroll",
                "nameLocales": [ ]
              }
            ],
            "options": [ ],
            "autoComplete": false
          }
        ],
        "autoComplete": false
      },
      {
        "type": "SUB_COMMAND",
        "name": "help",
        "nameLocales": [ ],
        "description": "Get help for `/custom_dice`",
        "descriptionLocales": [
          {
            "locale": "de",
            "description": "Hilfe für `/custom_dice`"
          },
          {
            "locale": "pt_BR",
            "description": "Consiga ajuda para `/custom_dice`"
          },
          {
            "locale": "fr",
            "description": "Obtenir de l'aide pour `/custom_dice`"
          }
        ],
        "required": false,
        "choices": [ ],
        "options": [ ],
        "autoComplete": false
      }
    ]
  }
]


de.janno.discord.bot.command.customDice.CustomDiceCommandTest.getId=[
  "custom_dice"
]