de.janno.discord.bot.command.starter.StarterCommandTest.configSerialization=[
  {
    "configUUID": "00000000-0000-0000-0001-000000000000",
    "guildId": 1,
    "channelId": 2,
    "commandId": "starter",
    "configClassId": "StarterConfig",
    "config": "---\nid: \"00000000-0000-0000-0001-000000000000\"\ncommands:\n- name: \"dnd\"\n  configUUID: \"00000000-0000-0000-0001-000000000001\"\n- name: \"calc\"\n  configUUID: \"00000000-0000-0000-0001-000000000002\"\nconfigLocale: \"en\"\nmessage: \"starter message\"\nname: \"starter name\"\nstartInNewMessage: false\n",
    "name": "starter name",
    "creationUserId": 3
  }
]


de.janno.discord.bot.command.starter.StarterCommandTest.getAutoCompleteAnswer_NamedFromGuild=[
  [
    {
      "name": "named_!uniqueKey1!_config_guild",
      "value": "named_!uniqueKey1!_config_guild"
    },
    {
      "name": "A Song of Ice and Fire",
      "value": "A Song of Ice and Fire"
    },
    {
      "name": "Blades in the Dark",
      "value": "Blades in the Dark"
    },
    {
      "name": "Blades in the Dark - Detail",
      "value": "Blades in the Dark - Detail"
    },
    {
      "name": "Blades in the Dark without Dice Images",
      "value": "Blades in the Dark without Dice Images"
    }
  ]
]


de.janno.discord.bot.command.starter.StarterCommandTest.getAutoCompleteAnswer_NamedFromUser=[
  [
    {
      "name": "named_!uniqueKey2!_config_user",
      "value": "named_!uniqueKey2!_config_user"
    },
    {
      "name": "A Song of Ice and Fire",
      "value": "A Song of Ice and Fire"
    },
    {
      "name": "Blades in the Dark",
      "value": "Blades in the Dark"
    },
    {
      "name": "Blades in the Dark - Detail",
      "value": "Blades in the Dark - Detail"
    },
    {
      "name": "Blades in the Dark without Dice Images",
      "value": "Blades in the Dark without Dice Images"
    }
  ]
]


de.janno.discord.bot.command.starter.StarterCommandTest.getAutoCompleteAnswer_NoDuplicate=[
  [
    {
      "name": "Dungeon & Dragons 5e Calculator",
      "value": "Dungeon & Dragons 5e Calculator"
    },
    {
      "name": "Dungeon & Dragons 5e Calculator 2",
      "value": "Dungeon & Dragons 5e Calculator 2"
    },
    {
      "name": "Dungeon & Dragons 5e without Dice Images",
      "value": "Dungeon & Dragons 5e without Dice Images"
    }
  ]
]


de.janno.discord.bot.command.starter.StarterCommandTest.getAutoCompleteAnswer_OnlyPreset=[
  [
    {
      "name": "A Song of Ice and Fire",
      "value": "A Song of Ice and Fire"
    },
    {
      "name": "Blades in the Dark",
      "value": "Blades in the Dark"
    },
    {
      "name": "Blades in the Dark - Detail",
      "value": "Blades in the Dark - Detail"
    },
    {
      "name": "Blades in the Dark without Dice Images",
      "value": "Blades in the Dark without Dice Images"
    },
    {
      "name": "Bluebeard's Bride",
      "value": "Bluebeard's Bride"
    }
  ]
]


de.janno.discord.bot.command.starter.StarterCommandTest.getAutoCompleteAnswer_PresetFilter=[
  [
    {
      "name": "Dungeon & Dragons 5e",
      "value": "Dungeon & Dragons 5e"
    },
    {
      "name": "Dungeon & Dragons 5e Calculator",
      "value": "Dungeon & Dragons 5e Calculator"
    },
    {
      "name": "Dungeon & Dragons 5e Calculator 2",
      "value": "Dungeon & Dragons 5e Calculator 2"
    },
    {
      "name": "Dungeon & Dragons 5e without Dice Images",
      "value": "Dungeon & Dragons 5e without Dice Images"
    }
  ]
]


de.janno.discord.bot.command.starter.StarterCommandTest.getAutoCompleteAnswer_doubleName=[
  [
    {
      "name": "Dungeon & Dragons 5e",
      "value": "Dungeon & Dragons 5e"
    },
    {
      "name": "Dungeon & Dragons 5e Calculator",
      "value": "Dungeon & Dragons 5e Calculator"
    },
    {
      "name": "Dungeon & Dragons 5e Calculator 2",
      "value": "Dungeon & Dragons 5e Calculator 2"
    },
    {
      "name": "Dungeon & Dragons 5e without Dice Images",
      "value": "Dungeon & Dragons 5e without Dice Images"
    }
  ]
]


de.janno.discord.bot.command.starter.StarterCommandTest.getAutoCompleteAnswer_noAlias=[
  [ ]
]


de.janno.discord.bot.command.starter.StarterCommandTest.getCommandDefinition=[
  {
    "name": "starter",
    "description": "Combine multiple named commands",
    "nameLocales": [ ],
    "descriptionLocales": [
      {
        "locale": "de",
        "description": "Kombinieren mehrerer benannter Befehle"
      },
      {
        "locale": "pt_BR",
        "description": "Combinar vários comandos nomeados"
      },
      {
        "locale": "fr",
        "description": "Combiner plusieurs commandes nommées"
      }
    ],
    "options": [
      {
        "type": "SUB_COMMAND",
        "name": "create",
        "nameLocales": [ ],
        "description": "Create a new custom starter message",
        "descriptionLocales": [
          {
            "locale": "de",
            "description": "Erstellen einen neuen benutzerdefinierten Starter"
          },
          {
            "locale": "pt_BR",
            "description": "Criar uma nova mensagem inicial personalizada"
          },
          {
            "locale": "fr",
            "description": "Créer un nouveau message de départ personnalisé"
          }
        ],
        "required": false,
        "choices": [ ],
        "options": [
          {
            "type": "STRING",
            "name": "command_name_1",
            "nameLocales": [ ],
            "description": "A named command that should be added to the starter. Start typing to filter.",
            "descriptionLocales": [
              {
                "locale": "de",
                "description": "Ein benannter Befehl, der dem Starter hinzugefügt werden soll. Beginnen die Eingabe, um zu filtern"
              },
              {
                "locale": "pt_BR",
                "description": "Um comando nomeado que deve ser adicionado ao starter. Comece a digitar para filtrar."
              },
              {
                "locale": "fr",
                "description": "Une commande nommée qui doit être ajoutée au démarreur. Commencez à taper pour filtrer."
              }
            ],
            "required": true,
            "choices": [ ],
            "options": [ ],
            "autoComplete": true
          },
          {
            "type": "STRING",
            "name": "command_name_2",
            "nameLocales": [ ],
            "description": "A named command that should be added to the starter. Start typing to filter.",
            "descriptionLocales": [
              {
                "locale": "de",
                "description": "Ein benannter Befehl, der dem Starter hinzugefügt werden soll. Beginnen die Eingabe, um zu filtern"
              },
              {
                "locale": "pt_BR",
                "description": "Um comando nomeado que deve ser adicionado ao starter. Comece a digitar para filtrar."
              },
              {
                "locale": "fr",
                "description": "Une commande nommée qui doit être ajoutée au démarreur. Commencez à taper pour filtrer."
              }
            ],
            "required": false,
            "choices": [ ],
            "options": [ ],
            "autoComplete": true
          },
          {
            "type": "STRING",
            "name": "command_name_3",
            "nameLocales": [ ],
            "description": "A named command that should be added to the starter. Start typing to filter.",
            "descriptionLocales": [
              {
                "locale": "de",
                "description": "Ein benannter Befehl, der dem Starter hinzugefügt werden soll. Beginnen die Eingabe, um zu filtern"
              },
              {
                "locale": "pt_BR",
                "description": "Um comando nomeado que deve ser adicionado ao starter. Comece a digitar para filtrar."
              },
              {
                "locale": "fr",
                "description": "Une commande nommée qui doit être ajoutée au démarreur. Commencez à taper pour filtrer."
              }
            ],
            "required": false,
            "choices": [ ],
            "options": [ ],
            "autoComplete": true
          },
          {
            "type": "STRING",
            "name": "command_name_4",
            "nameLocales": [ ],
            "description": "A named command that should be added to the starter. Start typing to filter.",
            "descriptionLocales": [
              {
                "locale": "de",
                "description": "Ein benannter Befehl, der dem Starter hinzugefügt werden soll. Beginnen die Eingabe, um zu filtern"
              },
              {
                "locale": "pt_BR",
                "description": "Um comando nomeado que deve ser adicionado ao starter. Comece a digitar para filtrar."
              },
              {
                "locale": "fr",
                "description": "Une commande nommée qui doit être ajoutée au démarreur. Commencez à taper pour filtrer."
              }
            ],
            "required": false,
            "choices": [ ],
            "options": [ ],
            "autoComplete": true
          },
          {
            "type": "STRING",
            "name": "command_name_5",
            "nameLocales": [ ],
            "description": "A named command that should be added to the starter. Start typing to filter.",
            "descriptionLocales": [
              {
                "locale": "de",
                "description": "Ein benannter Befehl, der dem Starter hinzugefügt werden soll. Beginnen die Eingabe, um zu filtern"
              },
              {
                "locale": "pt_BR",
                "description": "Um comando nomeado que deve ser adicionado ao starter. Comece a digitar para filtrar."
              },
              {
                "locale": "fr",
                "description": "Une commande nommée qui doit être ajoutée au démarreur. Commencez à taper pour filtrer."
              }
            ],
            "required": false,
            "choices": [ ],
            "options": [ ],
            "autoComplete": true
          },
          {
            "type": "STRING",
            "name": "command_name_6",
            "nameLocales": [ ],
            "description": "A named command that should be added to the starter. Start typing to filter.",
            "descriptionLocales": [
              {
                "locale": "de",
                "description": "Ein benannter Befehl, der dem Starter hinzugefügt werden soll. Beginnen die Eingabe, um zu filtern"
              },
              {
                "locale": "pt_BR",
                "description": "Um comando nomeado que deve ser adicionado ao starter. Comece a digitar para filtrar."
              },
              {
                "locale": "fr",
                "description": "Une commande nommée qui doit être ajoutée au démarreur. Commencez à taper pour filtrer."
              }
            ],
            "required": false,
            "choices": [ ],
            "options": [ ],
            "autoComplete": true
          },
          {
            "type": "STRING",
            "name": "command_name_7",
            "nameLocales": [ ],
            "description": "A named command that should be added to the starter. Start typing to filter.",
            "descriptionLocales": [
              {
                "locale": "de",
                "description": "Ein benannter Befehl, der dem Starter hinzugefügt werden soll. Beginnen die Eingabe, um zu filtern"
              },
              {
                "locale": "pt_BR",
                "description": "Um comando nomeado que deve ser adicionado ao starter. Comece a digitar para filtrar."
              },
              {
                "locale": "fr",
                "description": "Une commande nommée qui doit être ajoutée au démarreur. Commencez à taper pour filtrer."
              }
            ],
            "required": false,
            "choices": [ ],
            "options": [ ],
            "autoComplete": true
          },
          {
            "type": "STRING",
            "name": "command_name_8",
            "nameLocales": [ ],
            "description": "A named command that should be added to the starter. Start typing to filter.",
            "descriptionLocales": [
              {
                "locale": "de",
                "description": "Ein benannter Befehl, der dem Starter hinzugefügt werden soll. Beginnen die Eingabe, um zu filtern"
              },
              {
                "locale": "pt_BR",
                "description": "Um comando nomeado que deve ser adicionado ao starter. Comece a digitar para filtrar."
              },
              {
                "locale": "fr",
                "description": "Une commande nommée qui doit être ajoutée au démarreur. Commencez à taper pour filtrer."
              }
            ],
            "required": false,
            "choices": [ ],
            "options": [ ],
            "autoComplete": true
          },
          {
            "type": "STRING",
            "name": "command_name_9",
            "nameLocales": [ ],
            "description": "A named command that should be added to the starter. Start typing to filter.",
            "descriptionLocales": [
              {
                "locale": "de",
                "description": "Ein benannter Befehl, der dem Starter hinzugefügt werden soll. Beginnen die Eingabe, um zu filtern"
              },
              {
                "locale": "pt_BR",
                "description": "Um comando nomeado que deve ser adicionado ao starter. Comece a digitar para filtrar."
              },
              {
                "locale": "fr",
                "description": "Une commande nommée qui doit être ajoutée au démarreur. Commencez à taper pour filtrer."
              }
            ],
            "required": false,
            "choices": [ ],
            "options": [ ],
            "autoComplete": true
          },
          {
            "type": "STRING",
            "name": "command_name_10",
            "nameLocales": [ ],
            "description": "A named command that should be added to the starter. Start typing to filter.",
            "descriptionLocales": [
              {
                "locale": "de",
                "description": "Ein benannter Befehl, der dem Starter hinzugefügt werden soll. Beginnen die Eingabe, um zu filtern"
              },
              {
                "locale": "pt_BR",
                "description": "Um comando nomeado que deve ser adicionado ao starter. Comece a digitar para filtrar."
              },
              {
                "locale": "fr",
                "description": "Une commande nommée qui doit être ajoutée au démarreur. Commencez à taper pour filtrer."
              }
            ],
            "required": false,
            "choices": [ ],
            "options": [ ],
            "autoComplete": true
          },
          {
            "type": "STRING",
            "name": "message",
            "nameLocales": [ ],
            "description": "Set a custom text for the starter message",
            "descriptionLocales": [
              {
                "locale": "de",
                "description": "Einen eigenen Text für die Startmeldung festlegen"
              },
              {
                "locale": "pt_BR",
                "description": "Definir um texto personalizado para a mensagem inicial"
              },
              {
                "locale": "fr",
                "description": "Définir un texte personnalisé pour le message de départ"
              }
            ],
            "required": false,
            "choices": [ ],
            "options": [ ],
            "autoComplete": false
          },
          {
            "type": "BOOLEAN",
            "name": "open_in_new_message",
            "nameLocales": [ ],
            "description": "Set true to create new button messages otherwise reuse the starter message",
            "descriptionLocales": [
              {
                "locale": "de",
                "description": "Setzen Sie true, um immer neue Button Message zu erstellen"
              },
              {
                "locale": "pt_BR",
                "description": "Defina true para criar novas mensagens de botão; caso contrário, reutilize a mensagem inicial"
              },
              {
                "locale": "fr",
                "description": "Mettre true pour créer de nouveaux messages de bouton, sinon réutiliser le message de départ"
              }
            ],
            "required": false,
            "choices": [ ],
            "options": [ ],
            "autoComplete": false
          }
        ],
        "autoComplete": false
      },
      {
        "type": "SUB_COMMAND",
        "name": "welcome",
        "nameLocales": [ ],
        "description": "Creates the default welcome message in this channel",
        "descriptionLocales": [
          {
            "locale": "de",
            "description": "Erstellt die Standardbegrüßungsnachricht in diesem Kanal"
          },
          {
            "locale": "pt_BR",
            "description": "Cria a mensagem de boas-vindas padrão nesse canal"
          },
          {
            "locale": "fr",
            "description": "Crée le message de bienvenue par défaut dans ce canal"
          }
        ],
        "required": false,
        "choices": [ ],
        "options": [ ],
        "autoComplete": false
      },
      {
        "type": "SUB_COMMAND",
        "name": "help",
        "nameLocales": [ ],
        "description": "Get help for `/starter`",
        "descriptionLocales": [
          {
            "locale": "de",
            "description": "Hilfe für `/starter`"
          },
          {
            "locale": "pt_BR",
            "description": "Consiga ajuda para `/starter`"
          },
          {
            "locale": "fr",
            "description": "Obtenir de l'aide pour `/starter`"
          }
        ],
        "required": false,
        "choices": [ ],
        "options": [ ],
        "autoComplete": false
      }
    ]
  }
]


de.janno.discord.bot.command.starter.StarterCommandTest.testWelcomeMessage[de]=[
  {
    "embedOrMessageDefinition": {
      "descriptionOrContent": "Willkommen zum Button Dice Bot,\nbenutzte eine der Beispiel Buttons um eine der RPG Systeme zu starten, verwenden `quickstart system` um eines von vielen RPG Voreinstellungen oder benutzte ein Slash Befehl um ein benutzerdefiniertes System zu erstellen (siehe https://github.com/twonirwana/DiscordDiceBot für Details oder benutzt `/help`).\nDu kannst außerdem `/r` benutzten um direkt zu würfel.\nBesuch uns für Hilfe oder Feature-Anfrage auf unseren Discord Server: https://discord.gg/e43BsqKpFr",
      "fields": [ ],
      "componentRowDefinitions": [
        {
          "buttonDefinitions": [
            {
              "label": "Dungeon & Dragons 5e",
              "id": "starter\u001E00000000-0000-0000-0001-000000000001\u001E00000000-0000-0000-0001-000000000000",
              "style": "PRIMARY",
              "disabled": false
            },
            {
              "label": "Shadowrun",
              "id": "starter\u001E00000000-0000-0000-0001-000000000002\u001E00000000-0000-0000-0001-000000000000",
              "style": "PRIMARY",
              "disabled": false
            },
            {
              "label": "Fate",
              "id": "starter\u001E00000000-0000-0000-0001-000000000003\u001E00000000-0000-0000-0001-000000000000",
              "style": "PRIMARY",
              "disabled": false
            },
            {
              "label": "Münzwurf",
              "id": "starter\u001E00000000-0000-0000-0001-000000000004\u001E00000000-0000-0000-0001-000000000000",
              "style": "PRIMARY",
              "disabled": false,
              "emoji": "🪙"
            },
            {
              "label": "oWod / Storyteller System",
              "id": "starter\u001E00000000-0000-0000-0001-000000000005\u001E00000000-0000-0000-0001-000000000000",
              "style": "PRIMARY",
              "disabled": false
            }
          ]
        },
        {
          "buttonDefinitions": [
            {
              "label": "nWod / Chronicles of Darkness",
              "id": "starter\u001E00000000-0000-0000-0001-000000000006\u001E00000000-0000-0000-0001-000000000000",
              "style": "PRIMARY",
              "disabled": false
            },
            {
              "label": "Würfel Kalkulator",
              "id": "starter\u001E00000000-0000-0000-0001-000000000007\u001E00000000-0000-0000-0001-000000000000",
              "style": "PRIMARY",
              "disabled": false
            },
            {
              "label": "Dungeon & Dragons 5e ohne Würfelbildern",
              "id": "starter\u001E00000000-0000-0000-0001-000000000008\u001E00000000-0000-0000-0001-000000000000",
              "style": "PRIMARY",
              "disabled": false
            }
          ]
        }
      ],
      "type": "MESSAGE",
      "userReference": false
    },
    "configUUID": "00000000-0000-0000-0001-000000000000"
  }
]


de.janno.discord.bot.command.starter.StarterCommandTest.testWelcomeMessage[en]=[
  {
    "embedOrMessageDefinition": {
      "descriptionOrContent": "Welcome to the Button Dice Bot,\nuse one of the example buttons below to start one of the RPG dice systems, use `/quickstart system` to select one of many RPG presets or use the slash command to configure your own custom dice system (see https://github.com/twonirwana/DiscordDiceBot for details or the slash command `/help`).\nYou can also use the slash command `/r` to directly roll dice with.\nFor help or feature request come to the support discord server: https://discord.gg/e43BsqKpFr",
      "fields": [ ],
      "componentRowDefinitions": [
        {
          "buttonDefinitions": [
            {
              "label": "Dungeon & Dragons 5e",
              "id": "starter\u001E00000000-0000-0000-0001-000000000001\u001E00000000-0000-0000-0001-000000000000",
              "style": "PRIMARY",
              "disabled": false
            },
            {
              "label": "Shadowrun",
              "id": "starter\u001E00000000-0000-0000-0001-000000000002\u001E00000000-0000-0000-0001-000000000000",
              "style": "PRIMARY",
              "disabled": false
            },
            {
              "label": "Fate",
              "id": "starter\u001E00000000-0000-0000-0001-000000000003\u001E00000000-0000-0000-0001-000000000000",
              "style": "PRIMARY",
              "disabled": false
            },
            {
              "label": "Coin Toss",
              "id": "starter\u001E00000000-0000-0000-0001-000000000004\u001E00000000-0000-0000-0001-000000000000",
              "style": "PRIMARY",
              "disabled": false,
              "emoji": "🪙"
            },
            {
              "label": "oWod / Storyteller System",
              "id": "starter\u001E00000000-0000-0000-0001-000000000005\u001E00000000-0000-0000-0001-000000000000",
              "style": "PRIMARY",
              "disabled": false
            }
          ]
        },
        {
          "buttonDefinitions": [
            {
              "label": "nWod / Chronicles of Darkness",
              "id": "starter\u001E00000000-0000-0000-0001-000000000006\u001E00000000-0000-0000-0001-000000000000",
              "style": "PRIMARY",
              "disabled": false
            },
            {
              "label": "Dice Calculator",
              "id": "starter\u001E00000000-0000-0000-0001-000000000007\u001E00000000-0000-0000-0001-000000000000",
              "style": "PRIMARY",
              "disabled": false
            },
            {
              "label": "Dungeon & Dragons 5e without Dice Images",
              "id": "starter\u001E00000000-0000-0000-0001-000000000008\u001E00000000-0000-0000-0001-000000000000",
              "style": "PRIMARY",
              "disabled": false
            }
          ]
        }
      ],
      "type": "MESSAGE",
      "userReference": false
    },
    "configUUID": "00000000-0000-0000-0001-000000000000"
  }
]


de.janno.discord.bot.command.starter.StarterCommandTest.testWelcomeMessage[fr]=[
  {
    "embedOrMessageDefinition": {
      "descriptionOrContent": "Bienvenue sur le Button Dice Bot,\nUtilisez l'un des boutons d'exemple ci-dessous pour lancer l'un des systèmes de dés RPG, utilisez `/quickstart système` pour sélectionner l'un des nombreux presets RPG ou utilisez la commande slash pour configurer votre propre système de dés personnalisé (voir https://github.com/twonirwana/DiscordDiceBot pour plus de détails ou la commande slash `/help`).\nVous pouvez également utiliser la commande slash `/r` pour lancer directement les dés.\nPour obtenir de l'aide ou demander une fonctionnalité, venez sur le serveur discord de support : https://discord.gg/e43BsqKpFr",
      "fields": [ ],
      "componentRowDefinitions": [
        {
          "buttonDefinitions": [
            {
              "label": "Dungeon & Dragons 5e",
              "id": "starter\u001E00000000-0000-0000-0001-000000000001\u001E00000000-0000-0000-0001-000000000000",
              "style": "PRIMARY",
              "disabled": false
            },
            {
              "label": "Shadowrun",
              "id": "starter\u001E00000000-0000-0000-0001-000000000002\u001E00000000-0000-0000-0001-000000000000",
              "style": "PRIMARY",
              "disabled": false
            },
            {
              "label": "Fate",
              "id": "starter\u001E00000000-0000-0000-0001-000000000003\u001E00000000-0000-0000-0001-000000000000",
              "style": "PRIMARY",
              "disabled": false
            },
            {
              "label": "Pile ou face",
              "id": "starter\u001E00000000-0000-0000-0001-000000000004\u001E00000000-0000-0000-0001-000000000000",
              "style": "PRIMARY",
              "disabled": false,
              "emoji": "🪙"
            },
            {
              "label": "oWod / Monde des ténèbres",
              "id": "starter\u001E00000000-0000-0000-0001-000000000005\u001E00000000-0000-0000-0001-000000000000",
              "style": "PRIMARY",
              "disabled": false
            }
          ]
        },
        {
          "buttonDefinitions": [
            {
              "label": "nWod / Chroniques des ténèbres",
              "id": "starter\u001E00000000-0000-0000-0001-000000000006\u001E00000000-0000-0000-0001-000000000000",
              "style": "PRIMARY",
              "disabled": false
            },
            {
              "label": "Calculatrice de dés",
              "id": "starter\u001E00000000-0000-0000-0001-000000000007\u001E00000000-0000-0000-0001-000000000000",
              "style": "PRIMARY",
              "disabled": false
            },
            {
              "label": "Dungeon & Dragons 5e sans images de dés",
              "id": "starter\u001E00000000-0000-0000-0001-000000000008\u001E00000000-0000-0000-0001-000000000000",
              "style": "PRIMARY",
              "disabled": false
            }
          ]
        }
      ],
      "type": "MESSAGE",
      "userReference": false
    },
    "configUUID": "00000000-0000-0000-0001-000000000000"
  }
]


de.janno.discord.bot.command.starter.StarterCommandTest.testWelcomeMessage[pt_BR]=[
  {
    "embedOrMessageDefinition": {
      "descriptionOrContent": "Boas vindas ao Button Dice Bot,\nuse um dos botões de exemplo abaixo para começar com um sistema de RPG, use `/quickstart sistema` para selecionar um ou vários RPGs predefinidos ou uso o comando da barra para configurar seu próprio sistema personalizado de dados(veja https://github.com/twonirwana/DiscordDiceBot para detalhes (inglês) ou use o comando barra `/help`).\nVocê também pode usar o comando `/r` para rolar dados de forma direta.\nPara ajuda ou solicitar novos recursos vá até o servidor de suporte no discord (inglês): https://discord.gg/e43BsqKpFr",
      "fields": [ ],
      "componentRowDefinitions": [
        {
          "buttonDefinitions": [
            {
              "label": "Dungeon & Dragons 5e",
              "id": "starter\u001E00000000-0000-0000-0001-000000000001\u001E00000000-0000-0000-0001-000000000000",
              "style": "PRIMARY",
              "disabled": false
            },
            {
              "label": "Shadowrun",
              "id": "starter\u001E00000000-0000-0000-0001-000000000002\u001E00000000-0000-0000-0001-000000000000",
              "style": "PRIMARY",
              "disabled": false
            },
            {
              "label": "Fate",
              "id": "starter\u001E00000000-0000-0000-0001-000000000003\u001E00000000-0000-0000-0001-000000000000",
              "style": "PRIMARY",
              "disabled": false
            },
            {
              "label": "Cara ou Coroa",
              "id": "starter\u001E00000000-0000-0000-0001-000000000004\u001E00000000-0000-0000-0001-000000000000",
              "style": "PRIMARY",
              "disabled": false,
              "emoji": "🪙"
            },
            {
              "label": "oWod / Sistema Storyteller",
              "id": "starter\u001E00000000-0000-0000-0001-000000000005\u001E00000000-0000-0000-0001-000000000000",
              "style": "PRIMARY",
              "disabled": false
            }
          ]
        },
        {
          "buttonDefinitions": [
            {
              "label": "nWod / Crônicas das Trevas",
              "id": "starter\u001E00000000-0000-0000-0001-000000000006\u001E00000000-0000-0000-0001-000000000000",
              "style": "PRIMARY",
              "disabled": false
            },
            {
              "label": "Calculadora de dados",
              "id": "starter\u001E00000000-0000-0000-0001-000000000007\u001E00000000-0000-0000-0001-000000000000",
              "style": "PRIMARY",
              "disabled": false
            },
            {
              "label": "Dungeon & Dragons 5e sem imagens de dados",
              "id": "starter\u001E00000000-0000-0000-0001-000000000008\u001E00000000-0000-0000-0001-000000000000",
              "style": "PRIMARY",
              "disabled": false
            }
          ]
        }
      ],
      "type": "MESSAGE",
      "userReference": false
    },
    "configUUID": "00000000-0000-0000-0001-000000000000"
  }
]