de.janno.discord.bot.command.channelConfig.ChannelConfigTest.getCommandDefinition=[
  {
    "name": "channel_config",
    "description": "Configure options in this channel",
    "nameLocales": [ ],
    "descriptionLocales": [
      {
        "locale": "de",
        "description": "Konfiguration des Bots in diesem Kanal"
      },
      {
        "locale": "pt_BR",
        "description": "Configure as opções neste canal"
      }
    ],
    "options": [
      {
        "type": "SUB_COMMAND",
        "name": "save_direct_roll_config",
        "nameLocales": [
          {
            "locale": "de",
            "name": "speicher_direkt_wurf_konfig"
          },
          {
            "locale": "pt_BR",
            "name": "salvar_config_rolagem_direta"
          }
        ],
        "description": "add or update the channel config",
        "descriptionLocales": [
          {
            "locale": "de",
            "description": "Hinzufügen und aktualisieren von Kanalkonfiguration"
          },
          {
            "locale": "pt_BR",
            "description": "adiciona ou atualiza a configuração do canal"
          }
        ],
        "required": false,
        "choices": [ ],
        "options": [
          {
            "type": "STRING",
            "name": "answer_format",
            "nameLocales": [
              {
                "locale": "de",
                "name": "antwort_format"
              },
              {
                "locale": "pt_BR",
                "name": "formato_resultado"
              }
            ],
            "description": "How the answer will be displayed",
            "descriptionLocales": [
              {
                "locale": "de",
                "description": "Wie die Antwort formatiert wird"
              },
              {
                "locale": "pt_BR",
                "description": "Como o resultado será exibido"
              }
            ],
            "required": false,
            "choices": [
              {
                "name": "full",
                "value": "full",
                "nameLocales": [
                  {
                    "locale": "de",
                    "choice": "voll"
                  },
                  {
                    "locale": "pt_BR",
                    "choice": "completo"
                  }
                ]
              },
              {
                "name": "without_expression",
                "value": "without_expression",
                "nameLocales": [
                  {
                    "locale": "de",
                    "choice": "ohne_ausdruck"
                  },
                  {
                    "locale": "pt_BR",
                    "choice": "sem_formula"
                  }
                ]
              },
              {
                "name": "only_dice",
                "value": "only_dice",
                "nameLocales": [
                  {
                    "locale": "de",
                    "choice": "nur_würfel"
                  },
                  {
                    "locale": "pt_BR",
                    "choice": "apenas_dados"
                  }
                ]
              },
              {
                "name": "compact",
                "value": "compact",
                "nameLocales": [
                  {
                    "locale": "de",
                    "choice": "kompakt"
                  },
                  {
                    "locale": "pt_BR",
                    "choice": "compacto"
                  }
                ]
              },
              {
                "name": "minimal",
                "value": "minimal",
                "nameLocales": [
                  {
                    "locale": "pt_BR",
                    "choice": "minimo"
                  }
                ]
              }
            ],
            "options": [ ],
            "autoComplete": false
          },
          {
            "type": "STRING",
            "name": "dice_image_style",
            "nameLocales": [
              {
                "locale": "de",
                "name": "würfel_bild_stil"
              },
              {
                "locale": "pt_BR",
                "name": "estilo_imagem_dados"
              }
            ],
            "description": "If and in what style the dice throw should be shown as image",
            "descriptionLocales": [
              {
                "locale": "de",
                "description": "Ob und in welchen Stil Würfelbilder gezeigt werden"
              },
              {
                "locale": "pt_BR",
                "description": "Se os dados devem ser mostrados como imagens e em qual estilo"
              }
            ],
            "required": false,
            "choices": [
              {
                "name": "none",
                "value": "none",
                "nameLocales": [
                  {
                    "locale": "pt_BR",
                    "choice": "nenhum"
                  }
                ]
              },
              {
                "name": "polyhedral_3d",
                "value": "polyhedral_3d",
                "nameLocales": [ ]
              },
              {
                "name": "polyhedral_alies_v2",
                "value": "polyhedral_alies_v2",
                "nameLocales": [ ]
              },
              {
                "name": "polyhedral_knots",
                "value": "polyhedral_knots",
                "nameLocales": [ ]
              },
              {
                "name": "polyhedral_RdD",
                "value": "polyhedral_RdD",
                "nameLocales": [ ]
              },
              {
                "name": "fate",
                "value": "fate",
                "nameLocales": [ ]
              },
              {
                "name": "d6_dots",
                "value": "d6_dots",
                "nameLocales": [ ]
              },
              {
                "name": "polyhedral_2d",
                "value": "polyhedral_2d",
                "nameLocales": [ ]
              },
              {
                "name": "polyhedral_alies_v1",
                "value": "polyhedral_alies_v1",
                "nameLocales": [ ]
              }
            ],
            "options": [ ],
            "autoComplete": false
          },
          {
            "type": "STRING",
            "name": "dice_image_color",
            "nameLocales": [
              {
                "locale": "de",
                "name": "würfel_bild_farbe"
              },
              {
                "locale": "pt_BR",
                "name": "cor_dos_dados"
              }
            ],
            "description": "The default color option. Can be influenced by the `col` operator",
            "descriptionLocales": [
              {
                "locale": "de",
                "description": "Die Standardfarbe, kann mit noch mit `col` beeinflusst werden."
              },
              {
                "locale": "pt_BR",
                "description": "A opção de cor padrão. Pode ser influenciada pelo operador `col`"
              }
            ],
            "required": false,
            "choices": [ ],
            "options": [ ],
            "autoComplete": true
          },
          {
            "type": "BOOLEAN",
            "name": "always_sum_result",
            "nameLocales": [
              {
                "locale": "de",
                "name": "ergebnis_zusammen_zählen"
              },
              {
                "locale": "pt_BR",
                "name": "sempre_somar_resultado"
              }
            ],
            "description": "Always sum the results of the dice expressions",
            "descriptionLocales": [
              {
                "locale": "de",
                "description": "Addiere die Würfel immer zusammen"
              },
              {
                "locale": "pt_BR",
                "description": "Sempre soma os resultados das fórmulas de dados"
              }
            ],
            "required": false,
            "choices": [ ],
            "options": [ ],
            "autoComplete": false
          }
        ],
        "autoComplete": false
      },
      {
        "type": "SUB_COMMAND_GROUP",
        "name": "delete_direct_roll_config",
        "nameLocales": [
          {
            "locale": "de",
            "name": "lösch_direkt_wurf_konfig"
          },
          {
            "locale": "pt_BR",
            "name": "deletar_config_rolagem_direta"
          }
        ],
        "description": "remove the current channel config",
        "descriptionLocales": [
          {
            "locale": "de",
            "description": "Entferne die aktuelle Kanalkonfig"
          },
          {
            "locale": "pt_BR",
            "description": "remove a configuração atual do canal"
          }
        ],
        "required": false,
        "choices": [ ],
        "options": [ ],
        "autoComplete": false
      },
      {
        "type": "SUB_COMMAND_GROUP",
        "name": "channel_alias",
        "nameLocales": [
          {
            "locale": "de",
            "name": "kanal_alias"
          },
          {
            "locale": "pt_BR",
            "name": "apelidos_do_canal"
          }
        ],
        "description": "add, list or remove channel alias",
        "descriptionLocales": [
          {
            "locale": "de",
            "description": "Kanalkonfig hinzufügen, auflisten und löschen"
          },
          {
            "locale": "pt_BR",
            "description": "adiciona, lista ou remove os apelidos do canal"
          }
        ],
        "required": false,
        "choices": [ ],
        "options": [
          {
            "type": "SUB_COMMAND",
            "name": "save",
            "nameLocales": [
              {
                "locale": "de",
                "name": "speichern"
              },
              {
                "locale": "pt_BR",
                "name": "salvar"
              }
            ],
            "description": "Add a new alias",
            "descriptionLocales": [
              {
                "locale": "de",
                "description": "Füge einen neuen Alias hinzu"
              },
              {
                "locale": "pt_BR",
                "description": "Adicionar um novo apelido"
              }
            ],
            "required": false,
            "choices": [ ],
            "options": [
              {
                "type": "STRING",
                "name": "name",
                "nameLocales": [
                  {
                    "locale": "pt_BR",
                    "name": "nome"
                  }
                ],
                "description": "The name of the alias (the name in the expression will be replaced with the value)",
                "descriptionLocales": [
                  {
                    "locale": "de",
                    "description": "Der Name des Alias (der Name in den Würfelausdruck wirt mit dem Wert ersetzt)"
                  },
                  {
                    "locale": "pt_BR",
                    "description": "O nome do apelido (o nome da fórmula vai ser substituído com esse valor)"
                  }
                ],
                "required": true,
                "choices": [ ],
                "options": [ ],
                "autoComplete": false
              },
              {
                "type": "STRING",
                "name": "value",
                "nameLocales": [
                  {
                    "locale": "de",
                    "name": "wert"
                  },
                  {
                    "locale": "pt_BR",
                    "name": "valor"
                  }
                ],
                "description": "The value of the alias (the name in the expression will be replaced with the value)",
                "descriptionLocales": [
                  {
                    "locale": "de",
                    "description": "Der Wert des Alias (der Name in den Würfelausdruck wirt mit dem Wert ersetzt)"
                  },
                  {
                    "locale": "pt_BR",
                    "description": "O valor do apelido (o nome pelo qual a expressão vai ser substituída com o valor)"
                  }
                ],
                "required": true,
                "choices": [ ],
                "options": [ ],
                "autoComplete": false
              }
            ],
            "autoComplete": false
          },
          {
            "type": "SUB_COMMAND",
            "name": "delete",
            "nameLocales": [
              {
                "locale": "de",
                "name": "löschen"
              },
              {
                "locale": "pt_BR",
                "name": "deletar"
              }
            ],
            "description": "Delete an alias",
            "descriptionLocales": [
              {
                "locale": "de",
                "description": "Lösche einen Alias"
              },
              {
                "locale": "pt_BR",
                "description": "Apagar um apelido"
              }
            ],
            "required": false,
            "choices": [ ],
            "options": [
              {
                "type": "STRING",
                "name": "name",
                "nameLocales": [
                  {
                    "locale": "pt_BR",
                    "name": "nome"
                  }
                ],
                "description": "The name of the alias to delete",
                "descriptionLocales": [
                  {
                    "locale": "de",
                    "description": "Der Name des Alias zum Löschen"
                  },
                  {
                    "locale": "pt_BR",
                    "description": "O nome do apelido para apagar"
                  }
                ],
                "required": true,
                "choices": [ ],
                "options": [ ],
                "autoComplete": false
              }
            ],
            "autoComplete": false
          },
          {
            "type": "SUB_COMMAND",
            "name": "list",
            "nameLocales": [
              {
                "locale": "pt_BR",
                "name": "listar"
              }
            ],
            "description": "List all alias",
            "descriptionLocales": [
              {
                "locale": "de",
                "description": "Liste aller Alias"
              },
              {
                "locale": "pt_BR",
                "description": "Listar todos os apelidos"
              }
            ],
            "required": false,
            "choices": [ ],
            "options": [ ],
            "autoComplete": false
          },
          {
            "type": "SUB_COMMAND",
            "name": "multi_save",
            "nameLocales": [
              {
                "locale": "de",
                "name": "mehrfach_speichern"
              },
              {
                "locale": "pt_BR",
                "name": "salvar_muitos"
              }
            ],
            "description": "Save multiple alias",
            "descriptionLocales": [
              {
                "locale": "de",
                "description": "Speichere mehrere Alias auf einmal"
              },
              {
                "locale": "pt_BR",
                "description": "Salvar multiplos apelidos"
              }
            ],
            "required": false,
            "choices": [ ],
            "options": [
              {
                "type": "STRING",
                "name": "aliases",
                "nameLocales": [
                  {
                    "locale": "pt_BR",
                    "name": "apelidos"
                  }
                ],
                "description": "Separate alias name and value by `:` and aliases by `;` e.g.: att:2d20;dmg:2d6+3=",
                "descriptionLocales": [
                  {
                    "locale": "de",
                    "description": "Separiere Name und Wert mit `:` und Aliases mit `;` z.B.: Angriff:2d20;Schaden:2d6+3="
                  },
                  {
                    "locale": "pt_BR",
                    "description": "Separe o nome do apelido e o valor com `:` e os apelidos com `;` ex.: atq:2d20;dano:2d6+3="
                  }
                ],
                "required": true,
                "choices": [ ],
                "options": [ ],
                "autoComplete": false
              }
            ],
            "autoComplete": false
          }
        ],
        "autoComplete": false
      },
      {
        "type": "SUB_COMMAND_GROUP",
        "name": "user_channel_alias",
        "nameLocales": [
          {
            "locale": "de",
            "name": "benutzer_kanal_alias"
          },
          {
            "locale": "pt_BR",
            "name": "apelidos_do_usuario"
          }
        ],
        "description": "add, list or remove user channel alias",
        "descriptionLocales": [
          {
            "locale": "de",
            "description": "Benutzer-Kanalkonfig hinzufügen, auflisten und löschen"
          },
          {
            "locale": "pt_BR",
            "description": "adiciona, lista ou remove os apelidos do canal do usuário"
          }
        ],
        "required": false,
        "choices": [ ],
        "options": [
          {
            "type": "SUB_COMMAND",
            "name": "save",
            "nameLocales": [
              {
                "locale": "de",
                "name": "speichern"
              },
              {
                "locale": "pt_BR",
                "name": "salvar"
              }
            ],
            "description": "Add a new alias",
            "descriptionLocales": [
              {
                "locale": "de",
                "description": "Füge einen neuen Alias hinzu"
              },
              {
                "locale": "pt_BR",
                "description": "Adicionar um novo apelido"
              }
            ],
            "required": false,
            "choices": [ ],
            "options": [
              {
                "type": "STRING",
                "name": "name",
                "nameLocales": [
                  {
                    "locale": "pt_BR",
                    "name": "nome"
                  }
                ],
                "description": "The name of the alias (the name in the expression will be replaced with the value)",
                "descriptionLocales": [
                  {
                    "locale": "de",
                    "description": "Der Name des Alias (der Name in den Würfelausdruck wirt mit dem Wert ersetzt)"
                  },
                  {
                    "locale": "pt_BR",
                    "description": "O nome do apelido (o nome da fórmula vai ser substituído com esse valor)"
                  }
                ],
                "required": true,
                "choices": [ ],
                "options": [ ],
                "autoComplete": false
              },
              {
                "type": "STRING",
                "name": "value",
                "nameLocales": [
                  {
                    "locale": "de",
                    "name": "wert"
                  },
                  {
                    "locale": "pt_BR",
                    "name": "valor"
                  }
                ],
                "description": "The value of the alias (the name in the expression will be replaced with the value)",
                "descriptionLocales": [
                  {
                    "locale": "de",
                    "description": "Der Wert des Alias (der Name in den Würfelausdruck wirt mit dem Wert ersetzt)"
                  },
                  {
                    "locale": "pt_BR",
                    "description": "O valor do apelido (o nome pelo qual a expressão vai ser substituída com o valor)"
                  }
                ],
                "required": true,
                "choices": [ ],
                "options": [ ],
                "autoComplete": false
              }
            ],
            "autoComplete": false
          },
          {
            "type": "SUB_COMMAND",
            "name": "delete",
            "nameLocales": [
              {
                "locale": "de",
                "name": "löschen"
              },
              {
                "locale": "pt_BR",
                "name": "deletar"
              }
            ],
            "description": "Delete an alias",
            "descriptionLocales": [
              {
                "locale": "de",
                "description": "Lösche einen Alias"
              },
              {
                "locale": "pt_BR",
                "description": "Apagar um apelido"
              }
            ],
            "required": false,
            "choices": [ ],
            "options": [
              {
                "type": "STRING",
                "name": "name",
                "nameLocales": [
                  {
                    "locale": "pt_BR",
                    "name": "nome"
                  }
                ],
                "description": "The name of the alias to delete",
                "descriptionLocales": [
                  {
                    "locale": "de",
                    "description": "Der Name des Alias zum Löschen"
                  },
                  {
                    "locale": "pt_BR",
                    "description": "O nome do apelido para apagar"
                  }
                ],
                "required": true,
                "choices": [ ],
                "options": [ ],
                "autoComplete": false
              }
            ],
            "autoComplete": false
          },
          {
            "type": "SUB_COMMAND",
            "name": "list",
            "nameLocales": [
              {
                "locale": "pt_BR",
                "name": "listar"
              }
            ],
            "description": "List all alias",
            "descriptionLocales": [
              {
                "locale": "de",
                "description": "Liste aller Alias"
              },
              {
                "locale": "pt_BR",
                "description": "Listar todos os apelidos"
              }
            ],
            "required": false,
            "choices": [ ],
            "options": [ ],
            "autoComplete": false
          },
          {
            "type": "SUB_COMMAND",
            "name": "multi_save",
            "nameLocales": [
              {
                "locale": "de",
                "name": "mehrfach_speichern"
              },
              {
                "locale": "pt_BR",
                "name": "salvar_muitos"
              }
            ],
            "description": "Save multiple alias",
            "descriptionLocales": [
              {
                "locale": "de",
                "description": "Speichere mehrere Alias auf einmal"
              },
              {
                "locale": "pt_BR",
                "description": "Salvar multiplos apelidos"
              }
            ],
            "required": false,
            "choices": [ ],
            "options": [
              {
                "type": "STRING",
                "name": "aliases",
                "nameLocales": [
                  {
                    "locale": "pt_BR",
                    "name": "apelidos"
                  }
                ],
                "description": "Separate alias name and value by `:` and aliases by `;` e.g.: att:2d20;dmg:2d6+3=",
                "descriptionLocales": [
                  {
                    "locale": "de",
                    "description": "Separiere Name und Wert mit `:` und Aliases mit `;` z.B.: Angriff:2d20;Schaden:2d6+3="
                  },
                  {
                    "locale": "pt_BR",
                    "description": "Separe o nome do apelido e o valor com `:` e os apelidos com `;` ex.: atq:2d20;dano:2d6+3="
                  }
                ],
                "required": true,
                "choices": [ ],
                "options": [ ],
                "autoComplete": false
              }
            ],
            "autoComplete": false
          }
        ],
        "autoComplete": false
      }
    ]
  }
]


de.janno.discord.bot.command.channelConfig.ChannelConfigTest.getId=[
  "channel_config"
]