de.janno.discord.bot.command.channelConfig.ChannelConfigTest.getCommandDefinition=[
  {
    "name": "channel_config",
    "description": "Configure options in this channel",
    "nameLocales": [ ],
    "descriptionLocales": [
      {
        "locale": "de",
        "description": "Konfiguration des Bots in diesem Kanal"
      },
      {
        "locale": "pt_BR",
        "description": "Configure as opções neste canal"
      },
      {
        "locale": "fr",
        "description": "Configurer les options de ce canal"
      }
    ],
    "options": [
      {
        "type": "SUB_COMMAND",
        "name": "save_direct_roll_config",
        "nameLocales": [ ],
        "description": "add or update the channel config",
        "descriptionLocales": [
          {
            "locale": "de",
            "description": "Hinzufügen und aktualisieren von Kanalkonfiguration"
          },
          {
            "locale": "pt_BR",
            "description": "adiciona ou atualiza a configuração do canal"
          },
          {
            "locale": "fr",
            "description": "ajouter ou mettre à jour la configuration du canal"
          }
        ],
        "required": false,
        "choices": [ ],
        "options": [
          {
            "type": "STRING",
            "name": "answer_format",
            "nameLocales": [ ],
            "description": "How the answer will be displayed",
            "descriptionLocales": [
              {
                "locale": "de",
                "description": "Wie die Antwort formatiert wird"
              },
              {
                "locale": "pt_BR",
                "description": "Como o resultado será exibido"
              },
              {
                "locale": "fr",
                "description": "Comment la réponse sera affichée"
              }
            ],
            "required": false,
            "choices": [
              {
                "name": "full",
                "value": "full",
                "nameLocales": [ ]
              },
              {
                "name": "without_expression",
                "value": "without_expression",
                "nameLocales": [ ]
              },
              {
                "name": "only_result",
                "value": "only_result",
                "nameLocales": [ ]
              },
              {
                "name": "only_dice",
                "value": "only_dice",
                "nameLocales": [ ]
              },
              {
                "name": "compact",
                "value": "compact",
                "nameLocales": [ ]
              },
              {
                "name": "minimal",
                "value": "minimal",
                "nameLocales": [ ]
              }
            ],
            "options": [ ],
            "autoComplete": false
          },
          {
            "type": "STRING",
            "name": "dice_image_style",
            "nameLocales": [ ],
            "description": "If and in what style the dice throw should be shown as image",
            "descriptionLocales": [
              {
                "locale": "de",
                "description": "Ob und in welchen Stil Würfelbilder gezeigt werden"
              },
              {
                "locale": "pt_BR",
                "description": "Se os dados devem ser mostrados como imagens e em qual estilo"
              },
              {
                "locale": "fr",
                "description": "Si et dans quel style le lancer de dés doit être montré comme une image"
              }
            ],
            "required": false,
            "choices": [
              {
                "name": "none",
                "value": "none",
                "nameLocales": [
                  {
                    "locale": "pt_BR",
                    "choice": "nenhum"
                  }
                ]
              },
              {
                "name": "polyhedral_3d",
                "value": "polyhedral_3d",
                "nameLocales": [ ]
              },
              {
                "name": "polyhedral_alies_v2",
                "value": "polyhedral_alies_v2",
                "nameLocales": [ ]
              },
              {
                "name": "polyhedral_knots",
                "value": "polyhedral_knots",
                "nameLocales": [ ]
              },
              {
                "name": "polyhedral_RdD",
                "value": "polyhedral_RdD",
                "nameLocales": [ ]
              },
              {
                "name": "fate",
                "value": "fate",
                "nameLocales": [ ]
              },
              {
                "name": "d6_dots",
                "value": "d6_dots",
                "nameLocales": [ ]
              },
              {
                "name": "expanse",
                "value": "expanse",
                "nameLocales": [ ]
              },
              {
                "name": "d6_marvel",
                "value": "d6_marvel",
                "nameLocales": [ ]
              },
              {
                "name": "polyhedral_2d",
                "value": "polyhedral_2d",
                "nameLocales": [ ]
              },
              {
                "name": "polyhedral_alies_v1",
                "value": "polyhedral_alies_v1",
                "nameLocales": [ ]
              }
            ],
            "options": [ ],
            "autoComplete": false
          },
          {
            "type": "STRING",
            "name": "dice_image_color",
            "nameLocales": [ ],
            "description": "The default color option. Can be influenced by the `col` operator",
            "descriptionLocales": [
              {
                "locale": "de",
                "description": "Die Standardfarbe, kann mit noch mit `col` beeinflusst werden."
              },
              {
                "locale": "pt_BR",
                "description": "A opção de cor padrão. Pode ser influenciada pelo operador `col`"
              },
              {
                "locale": "fr",
                "description": "L'option de couleur par défaut. Peut être influencée par l'opérateur `col`."
              }
            ],
            "required": false,
            "choices": [ ],
            "options": [ ],
            "autoComplete": true
          },
          {
            "type": "BOOLEAN",
            "name": "always_sum_result",
            "nameLocales": [ ],
            "description": "Always sum the results of the dice expressions",
            "descriptionLocales": [
              {
                "locale": "de",
                "description": "Addiere die Würfel immer zusammen"
              },
              {
                "locale": "pt_BR",
                "description": "Sempre soma os resultados das fórmulas de dados"
              },
              {
                "locale": "fr",
                "description": "Toujours additionner les résultats des expressions de dés"
              }
            ],
            "required": false,
            "choices": [ ],
            "options": [ ],
            "autoComplete": false
          }
        ],
        "autoComplete": false
      },
      {
        "type": "SUB_COMMAND_GROUP",
        "name": "delete_direct_roll_config",
        "nameLocales": [ ],
        "description": "remove the current channel config",
        "descriptionLocales": [
          {
            "locale": "de",
            "description": "Entferne die aktuelle Kanalkonfig"
          },
          {
            "locale": "pt_BR",
            "description": "remove a configuração atual do canal"
          },
          {
            "locale": "fr",
            "description": "supprimer la configuration actuelle du canal"
          }
        ],
        "required": false,
        "choices": [ ],
        "options": [ ],
        "autoComplete": false
      },
      {
        "type": "SUB_COMMAND_GROUP",
        "name": "alias",
        "nameLocales": [ ],
        "description": "add, list or remove alias",
        "descriptionLocales": [ ],
        "required": false,
        "choices": [ ],
        "options": [
          {
            "type": "SUB_COMMAND",
            "name": "save",
            "nameLocales": [ ],
            "description": "Add a new alias",
            "descriptionLocales": [
              {
                "locale": "de",
                "description": "Füge einen neuen Alias hinzu"
              },
              {
                "locale": "pt_BR",
                "description": "Adicionar um novo apelido"
              },
              {
                "locale": "fr",
                "description": "Ajouter un nouvel alias"
              }
            ],
            "required": false,
            "choices": [ ],
            "options": [
              {
                "type": "STRING",
                "name": "name",
                "nameLocales": [ ],
                "description": "The name of the alias (the name in the expression will be replaced with the value)",
                "descriptionLocales": [
                  {
                    "locale": "de",
                    "description": "Der Name des Alias (der Name in den Würfelausdruck wirt mit dem Wert ersetzt)"
                  },
                  {
                    "locale": "pt_BR",
                    "description": "O nome do apelido (o nome da fórmula vai ser substituído com esse valor)"
                  },
                  {
                    "locale": "fr",
                    "description": "Le nom de l'alias (le nom dans l'expression sera remplacé par la valeur)"
                  }
                ],
                "required": true,
                "choices": [ ],
                "options": [ ],
                "autoComplete": false
              },
              {
                "type": "STRING",
                "name": "value",
                "nameLocales": [ ],
                "description": "The value of the alias (the name in the expression will be replaced with the value)",
                "descriptionLocales": [
                  {
                    "locale": "de",
                    "description": "Der Wert des Alias (der Name in den Würfelausdruck wirt mit dem Wert ersetzt)"
                  },
                  {
                    "locale": "pt_BR",
                    "description": "O valor do apelido (o nome pelo qual a expressão vai ser substituída com o valor)"
                  },
                  {
                    "locale": "fr",
                    "description": "La valeur de l'alias (le nom dans l'expression sera remplacé par la valeur)"
                  }
                ],
                "required": true,
                "choices": [ ],
                "options": [ ],
                "autoComplete": false
              },
              {
                "type": "STRING",
                "name": "scope",
                "nameLocales": [ ],
                "description": "scope of the alias, if applies only to one user or more",
                "descriptionLocales": [ ],
                "required": true,
                "choices": [
                  {
                    "name": "all_users_in_this_channel",
                    "value": "all_users_in_this_channel",
                    "nameLocales": [ ]
                  },
                  {
                    "name": "current_user_in_this_channel",
                    "value": "current_user_in_this_channel",
                    "nameLocales": [ ]
                  }
                ],
                "options": [ ],
                "autoComplete": false
              }
            ],
            "autoComplete": false
          },
          {
            "type": "SUB_COMMAND",
            "name": "delete",
            "nameLocales": [ ],
            "description": "Delete an alias",
            "descriptionLocales": [
              {
                "locale": "de",
                "description": "Lösche einen Alias"
              },
              {
                "locale": "pt_BR",
                "description": "Apagar um apelido"
              },
              {
                "locale": "fr",
                "description": "Supprimer un alias"
              }
            ],
            "required": false,
            "choices": [ ],
            "options": [
              {
                "type": "STRING",
                "name": "name",
                "nameLocales": [ ],
                "description": "The name of the alias to delete",
                "descriptionLocales": [
                  {
                    "locale": "de",
                    "description": "Der Name des Alias zum Löschen"
                  },
                  {
                    "locale": "pt_BR",
                    "description": "O nome do apelido para apagar"
                  },
                  {
                    "locale": "fr",
                    "description": "Le nom de l'alias à supprimer"
                  }
                ],
                "required": true,
                "choices": [ ],
                "options": [ ],
                "autoComplete": false
              },
              {
                "type": "STRING",
                "name": "scope",
                "nameLocales": [ ],
                "description": "scope of the alias, if applies only to one user or more",
                "descriptionLocales": [ ],
                "required": true,
                "choices": [
                  {
                    "name": "all_users_in_this_channel",
                    "value": "all_users_in_this_channel",
                    "nameLocales": [ ]
                  },
                  {
                    "name": "current_user_in_this_channel",
                    "value": "current_user_in_this_channel",
                    "nameLocales": [ ]
                  }
                ],
                "options": [ ],
                "autoComplete": false
              }
            ],
            "autoComplete": false
          },
          {
            "type": "SUB_COMMAND",
            "name": "list",
            "nameLocales": [ ],
            "description": "List all alias",
            "descriptionLocales": [
              {
                "locale": "de",
                "description": "Liste aller Alias"
              },
              {
                "locale": "pt_BR",
                "description": "Listar todos os apelidos"
              },
              {
                "locale": "fr",
                "description": "Lister tous les alias"
              }
            ],
            "required": false,
            "choices": [ ],
            "options": [
              {
                "type": "STRING",
                "name": "scope",
                "nameLocales": [ ],
                "description": "scope of the alias, if applies only to one user or more",
                "descriptionLocales": [ ],
                "required": true,
                "choices": [
                  {
                    "name": "all_users_in_this_channel",
                    "value": "all_users_in_this_channel",
                    "nameLocales": [ ]
                  },
                  {
                    "name": "current_user_in_this_channel",
                    "value": "current_user_in_this_channel",
                    "nameLocales": [ ]
                  }
                ],
                "options": [ ],
                "autoComplete": false
              }
            ],
            "autoComplete": false
          },
          {
            "type": "SUB_COMMAND",
            "name": "multi_save",
            "nameLocales": [ ],
            "description": "Save multiple alias",
            "descriptionLocales": [
              {
                "locale": "de",
                "description": "Speichere mehrere Alias auf einmal"
              },
              {
                "locale": "pt_BR",
                "description": "Salvar multiplos apelidos"
              },
              {
                "locale": "fr",
                "description": "Enregistrer plusieurs alias"
              }
            ],
            "required": false,
            "choices": [ ],
            "options": [
              {
                "type": "STRING",
                "name": "aliases",
                "nameLocales": [ ],
                "description": "Separate alias name and value by `:` and aliases by `;` e.g.: att:2d20;dmg:2d6+3=",
                "descriptionLocales": [
                  {
                    "locale": "de",
                    "description": "Separiere Name und Wert mit `:` und Aliases mit `;` z.B.: Angriff:2d20;Schaden:2d6+3="
                  },
                  {
                    "locale": "pt_BR",
                    "description": "Separe o nome do apelido e o valor com `:` e os apelidos com `;` ex.: atq:2d20;dano:2d6+3="
                  },
                  {
                    "locale": "fr",
                    "description": "Séparez le nom et la valeur de l'alias par `:` et les alias par `;` ex : att:2d20;dmg:2d6+3="
                  }
                ],
                "required": true,
                "choices": [ ],
                "options": [ ],
                "autoComplete": false
              },
              {
                "type": "STRING",
                "name": "scope",
                "nameLocales": [ ],
                "description": "scope of the alias, if applies only to one user or more",
                "descriptionLocales": [ ],
                "required": true,
                "choices": [
                  {
                    "name": "all_users_in_this_channel",
                    "value": "all_users_in_this_channel",
                    "nameLocales": [ ]
                  },
                  {
                    "name": "current_user_in_this_channel",
                    "value": "current_user_in_this_channel",
                    "nameLocales": [ ]
                  }
                ],
                "options": [ ],
                "autoComplete": false
              }
            ],
            "autoComplete": false
          }
        ],
        "autoComplete": false
      }
    ]
  }
]


de.janno.discord.bot.command.channelConfig.ChannelConfigTest.getId=[
  "channel_config"
]