de.janno.discord.bot.command.BaseCommandOptionsTest.autoCompleteColorOption[d6_dots_de]=[
  [
    {
      "name": "weiß",
      "value": "white"
    },
    {
      "name": "schwarz_und_gold",
      "value": "black_and_gold"
    },
    {
      "name": "none",
      "value": "none"
    }
  ]
]


de.janno.discord.bot.command.BaseCommandOptionsTest.autoCompleteColorOption[d6_dots_en]=[
  [
    {
      "name": "white",
      "value": "white"
    },
    {
      "name": "black_and_gold",
      "value": "black_and_gold"
    },
    {
      "name": "none",
      "value": "none"
    }
  ]
]


de.janno.discord.bot.command.BaseCommandOptionsTest.autoCompleteColorOption[d6_dots_fr]=[
  [
    {
      "name": "blanc",
      "value": "white"
    },
    {
      "name": "noir_et_or",
      "value": "black_and_gold"
    },
    {
      "name": "none",
      "value": "none"
    }
  ]
]


de.janno.discord.bot.command.BaseCommandOptionsTest.autoCompleteColorOption[d6_dots_pt_BR]=[
  [
    {
      "name": "branco",
      "value": "white"
    },
    {
      "name": "preto_e_dourado",
      "value": "black_and_gold"
    },
    {
      "name": "none",
      "value": "none"
    }
  ]
]


de.janno.discord.bot.command.BaseCommandOptionsTest.autoCompleteColorOption[d6_marvel_de]=[
  [
    {
      "name": "blau",
      "value": "blue"
    },
    {
      "name": "rot",
      "value": "red"
    },
    {
      "name": "none",
      "value": "none"
    }
  ]
]


de.janno.discord.bot.command.BaseCommandOptionsTest.autoCompleteColorOption[d6_marvel_en]=[
  [
    {
      "name": "blue",
      "value": "blue"
    },
    {
      "name": "red",
      "value": "red"
    },
    {
      "name": "none",
      "value": "none"
    }
  ]
]


de.janno.discord.bot.command.BaseCommandOptionsTest.autoCompleteColorOption[d6_marvel_fr]=[
  [
    {
      "name": "bleu",
      "value": "blue"
    },
    {
      "name": "rouge",
      "value": "red"
    },
    {
      "name": "none",
      "value": "none"
    }
  ]
]


de.janno.discord.bot.command.BaseCommandOptionsTest.autoCompleteColorOption[d6_marvel_pt_BR]=[
  [
    {
      "name": "azul",
      "value": "blue"
    },
    {
      "name": "vermelho",
      "value": "red"
    },
    {
      "name": "none",
      "value": "none"
    }
  ]
]


de.janno.discord.bot.command.BaseCommandOptionsTest.autoCompleteColorOption[expanse_de]=[
  [
    {
      "name": "gürtel_dunkel",
      "value": "belt_dark"
    },
    {
      "name": "gürtel_hell",
      "value": "belt_light"
    },
    {
      "name": "erde_dunkel",
      "value": "earth_dark"
    },
    {
      "name": "erde_hell",
      "value": "earth_light"
    },
    {
      "name": "mars_dunkel",
      "value": "mars_dark"
    },
    {
      "name": "mars_hell",
      "value": "mars_light"
    },
    {
      "name": "protogen_dunkel",
      "value": "protogen_dark"
    },
    {
      "name": "protogen_hell",
      "value": "protogen_light"
    },
    {
      "name": "none",
      "value": "none"
    }
  ]
]


de.janno.discord.bot.command.BaseCommandOptionsTest.autoCompleteColorOption[expanse_en]=[
  [
    {
      "name": "belt_dark",
      "value": "belt_dark"
    },
    {
      "name": "belt_light",
      "value": "belt_light"
    },
    {
      "name": "earth_dark",
      "value": "earth_dark"
    },
    {
      "name": "earth_light",
      "value": "earth_light"
    },
    {
      "name": "mars_dark",
      "value": "mars_dark"
    },
    {
      "name": "mars_light",
      "value": "mars_light"
    },
    {
      "name": "protogen_dark",
      "value": "protogen_dark"
    },
    {
      "name": "protogen_light",
      "value": "protogen_light"
    },
    {
      "name": "none",
      "value": "none"
    }
  ]
]


de.janno.discord.bot.command.BaseCommandOptionsTest.autoCompleteColorOption[expanse_fr]=[
  [
    {
      "name": "ceinture_foncée",
      "value": "belt_dark"
    },
    {
      "name": "ceinture_claire",
      "value": "belt_light"
    },
    {
      "name": "terre_sombre",
      "value": "earth_dark"
    },
    {
      "name": "terre_claire",
      "value": "earth_light"
    },
    {
      "name": "mars_sombre",
      "value": "mars_dark"
    },
    {
      "name": "mars_clair",
      "value": "mars_light"
    },
    {
      "name": "protogen_dark",
      "value": "protogen_dark"
    },
    {
      "name": "protogen_clair",
      "value": "protogen_light"
    },
    {
      "name": "none",
      "value": "none"
    }
  ]
]


de.janno.discord.bot.command.BaseCommandOptionsTest.autoCompleteColorOption[expanse_pt_BR]=[
  [
    {
      "name": "belt_dark",
      "value": "belt_dark"
    },
    {
      "name": "belt_light",
      "value": "belt_light"
    },
    {
      "name": "earth_dark",
      "value": "earth_dark"
    },
    {
      "name": "earth_light",
      "value": "earth_light"
    },
    {
      "name": "mars_dark",
      "value": "mars_dark"
    },
    {
      "name": "mars_light",
      "value": "mars_light"
    },
    {
      "name": "protogen_dark",
      "value": "protogen_dark"
    },
    {
      "name": "protogen_light",
      "value": "protogen_light"
    },
    {
      "name": "none",
      "value": "none"
    }
  ]
]


de.janno.discord.bot.command.BaseCommandOptionsTest.autoCompleteColorOption[fate_de]=[
  [
    {
      "name": "schwarz",
      "value": "black"
    },
    {
      "name": "none",
      "value": "none"
    }
  ]
]


de.janno.discord.bot.command.BaseCommandOptionsTest.autoCompleteColorOption[fate_en]=[
  [
    {
      "name": "black",
      "value": "black"
    },
    {
      "name": "none",
      "value": "none"
    }
  ]
]


de.janno.discord.bot.command.BaseCommandOptionsTest.autoCompleteColorOption[fate_fr]=[
  [
    {
      "name": "noir",
      "value": "black"
    },
    {
      "name": "none",
      "value": "none"
    }
  ]
]


de.janno.discord.bot.command.BaseCommandOptionsTest.autoCompleteColorOption[fate_pt_BR]=[
  [
    {
      "name": "preto",
      "value": "black"
    },
    {
      "name": "none",
      "value": "none"
    }
  ]
]


de.janno.discord.bot.command.BaseCommandOptionsTest.autoCompleteColorOption[none_de]=[
  [
    {
      "name": "kein",
      "value": "none"
    }
  ]
]


de.janno.discord.bot.command.BaseCommandOptionsTest.autoCompleteColorOption[none_en]=[
  [
    {
      "name": "none",
      "value": "none"
    }
  ]
]


de.janno.discord.bot.command.BaseCommandOptionsTest.autoCompleteColorOption[none_fr]=[
  [
    {
      "name": "aucun",
      "value": "none"
    }
  ]
]


de.janno.discord.bot.command.BaseCommandOptionsTest.autoCompleteColorOption[none_pt_BR]=[
  [
    {
      "name": "nenhum",
      "value": "none"
    }
  ]
]


de.janno.discord.bot.command.BaseCommandOptionsTest.autoCompleteColorOption[polyhedral_2d_de]=[
  [
    {
      "name": "weiß",
      "value": "white"
    },
    {
      "name": "grau",
      "value": "gray"
    },
    {
      "name": "schwarz",
      "value": "black"
    },
    {
      "name": "rot",
      "value": "red"
    },
    {
      "name": "pink",
      "value": "pink"
    },
    {
      "name": "orange",
      "value": "orange"
    },
    {
      "name": "gelb",
      "value": "yellow"
    },
    {
      "name": "grün",
      "value": "green"
    },
    {
      "name": "magenta",
      "value": "magenta"
    },
    {
      "name": "cyan",
      "value": "cyan"
    },
    {
      "name": "blau",
      "value": "blue"
    },
    {
      "name": "indigo",
      "value": "indigo"
    },
    {
      "name": "none",
      "value": "none"
    }
  ]
]


de.janno.discord.bot.command.BaseCommandOptionsTest.autoCompleteColorOption[polyhedral_2d_en]=[
  [
    {
      "name": "white",
      "value": "white"
    },
    {
      "name": "gray",
      "value": "gray"
    },
    {
      "name": "black",
      "value": "black"
    },
    {
      "name": "red",
      "value": "red"
    },
    {
      "name": "pink",
      "value": "pink"
    },
    {
      "name": "orange",
      "value": "orange"
    },
    {
      "name": "yellow",
      "value": "yellow"
    },
    {
      "name": "green",
      "value": "green"
    },
    {
      "name": "magenta",
      "value": "magenta"
    },
    {
      "name": "cyan",
      "value": "cyan"
    },
    {
      "name": "blue",
      "value": "blue"
    },
    {
      "name": "indigo",
      "value": "indigo"
    },
    {
      "name": "none",
      "value": "none"
    }
  ]
]


de.janno.discord.bot.command.BaseCommandOptionsTest.autoCompleteColorOption[polyhedral_2d_fr]=[
  [
    {
      "name": "blanc",
      "value": "white"
    },
    {
      "name": "gris",
      "value": "gray"
    },
    {
      "name": "noir",
      "value": "black"
    },
    {
      "name": "rouge",
      "value": "red"
    },
    {
      "name": "rose",
      "value": "pink"
    },
    {
      "name": "orange",
      "value": "orange"
    },
    {
      "name": "jaune",
      "value": "yellow"
    },
    {
      "name": "vert",
      "value": "green"
    },
    {
      "name": "magenta",
      "value": "magenta"
    },
    {
      "name": "cyan",
      "value": "cyan"
    },
    {
      "name": "bleu",
      "value": "blue"
    },
    {
      "name": "indigo",
      "value": "indigo"
    },
    {
      "name": "none",
      "value": "none"
    }
  ]
]


de.janno.discord.bot.command.BaseCommandOptionsTest.autoCompleteColorOption[polyhedral_2d_pt_BR]=[
  [
    {
      "name": "branco",
      "value": "white"
    },
    {
      "name": "cinza",
      "value": "gray"
    },
    {
      "name": "preto",
      "value": "black"
    },
    {
      "name": "vermelho",
      "value": "red"
    },
    {
      "name": "rosa",
      "value": "pink"
    },
    {
      "name": "laranja",
      "value": "orange"
    },
    {
      "name": "amarelo",
      "value": "yellow"
    },
    {
      "name": "verde",
      "value": "green"
    },
    {
      "name": "magenta",
      "value": "magenta"
    },
    {
      "name": "ciano",
      "value": "cyan"
    },
    {
      "name": "azul",
      "value": "blue"
    },
    {
      "name": "azul_escuro",
      "value": "indigo"
    },
    {
      "name": "none",
      "value": "none"
    }
  ]
]


de.janno.discord.bot.command.BaseCommandOptionsTest.autoCompleteColorOption[polyhedral_3d_de]=[
  [
    {
      "name": "rot_und_weiß",
      "value": "red_and_white"
    },
    {
      "name": "blau_und_weiß",
      "value": "blue_and_white"
    },
    {
      "name": "grün_und_weiß",
      "value": "green_and_white"
    },
    {
      "name": "grau_und_weiß",
      "value": "grey_and_white"
    },
    {
      "name": "orange_und_weiß",
      "value": "orange_and_white"
    },
    {
      "name": "lila_und_weiß",
      "value": "purple_and_white"
    },
    {
      "name": "gelb_und_weiß",
      "value": "yellow_and_white"
    },
    {
      "name": "none",
      "value": "none"
    }
  ]
]


de.janno.discord.bot.command.BaseCommandOptionsTest.autoCompleteColorOption[polyhedral_3d_en]=[
  [
    {
      "name": "red_and_white",
      "value": "red_and_white"
    },
    {
      "name": "blue_and_white",
      "value": "blue_and_white"
    },
    {
      "name": "green_and_white",
      "value": "green_and_white"
    },
    {
      "name": "grey_and_white",
      "value": "grey_and_white"
    },
    {
      "name": "orange_and_white",
      "value": "orange_and_white"
    },
    {
      "name": "purple_and_white",
      "value": "purple_and_white"
    },
    {
      "name": "yellow_and_white",
      "value": "yellow_and_white"
    },
    {
      "name": "none",
      "value": "none"
    }
  ]
]


de.janno.discord.bot.command.BaseCommandOptionsTest.autoCompleteColorOption[polyhedral_3d_fr]=[
  [
    {
      "name": "rouge_et_blanc",
      "value": "red_and_white"
    },
    {
      "name": "bleu_et_blanc",
      "value": "blue_and_white"
    },
    {
      "name": "vert_et_blanc",
      "value": "green_and_white"
    },
    {
      "name": "gris_et_blanc",
      "value": "grey_and_white"
    },
    {
      "name": "orange_et_blanc",
      "value": "orange_and_white"
    },
    {
      "name": "violet_et_blanc",
      "value": "purple_and_white"
    },
    {
      "name": "jaune_et_blanc",
      "value": "yellow_and_white"
    },
    {
      "name": "none",
      "value": "none"
    }
  ]
]


de.janno.discord.bot.command.BaseCommandOptionsTest.autoCompleteColorOption[polyhedral_3d_pt_BR]=[
  [
    {
      "name": "vermelho_e_branco",
      "value": "red_and_white"
    },
    {
      "name": "azul_e_branco",
      "value": "blue_and_white"
    },
    {
      "name": "verde_e_branco",
      "value": "green_and_white"
    },
    {
      "name": "cinza_e_branco",
      "value": "grey_and_white"
    },
    {
      "name": "laranja_e_branco",
      "value": "orange_and_white"
    },
    {
      "name": "roxo_e_branco",
      "value": "purple_and_white"
    },
    {
      "name": "amarelo_e_branco",
      "value": "yellow_and_white"
    },
    {
      "name": "none",
      "value": "none"
    }
  ]
]


de.janno.discord.bot.command.BaseCommandOptionsTest.autoCompleteColorOption[polyhedral_RdD_de]=[
  [
    {
      "name": "standard",
      "value": "default"
    },
    {
      "name": "spezial",
      "value": "special"
    },
    {
      "name": "none",
      "value": "none"
    }
  ]
]


de.janno.discord.bot.command.BaseCommandOptionsTest.autoCompleteColorOption[polyhedral_RdD_en]=[
  [
    {
      "name": "default",
      "value": "default"
    },
    {
      "name": "special",
      "value": "special"
    },
    {
      "name": "none",
      "value": "none"
    }
  ]
]


de.janno.discord.bot.command.BaseCommandOptionsTest.autoCompleteColorOption[polyhedral_RdD_fr]=[
  [
    {
      "name": "par_défaut",
      "value": "default"
    },
    {
      "name": "spécial",
      "value": "special"
    },
    {
      "name": "none",
      "value": "none"
    }
  ]
]


de.janno.discord.bot.command.BaseCommandOptionsTest.autoCompleteColorOption[polyhedral_RdD_pt_BR]=[
  [
    {
      "name": "padrao",
      "value": "default"
    },
    {
      "name": "especial",
      "value": "special"
    },
    {
      "name": "none",
      "value": "none"
    }
  ]
]


de.janno.discord.bot.command.BaseCommandOptionsTest.autoCompleteColorOption[polyhedral_alies_v1_de]=[
  [
    {
      "name": "schwarz_und_gold",
      "value": "black_and_gold"
    },
    {
      "name": "none",
      "value": "none"
    }
  ]
]


de.janno.discord.bot.command.BaseCommandOptionsTest.autoCompleteColorOption[polyhedral_alies_v1_en]=[
  [
    {
      "name": "black_and_gold",
      "value": "black_and_gold"
    },
    {
      "name": "none",
      "value": "none"
    }
  ]
]


de.janno.discord.bot.command.BaseCommandOptionsTest.autoCompleteColorOption[polyhedral_alies_v1_fr]=[
  [
    {
      "name": "noir_et_or",
      "value": "black_and_gold"
    },
    {
      "name": "none",
      "value": "none"
    }
  ]
]


de.janno.discord.bot.command.BaseCommandOptionsTest.autoCompleteColorOption[polyhedral_alies_v1_pt_BR]=[
  [
    {
      "name": "preto_e_dourado",
      "value": "black_and_gold"
    },
    {
      "name": "none",
      "value": "none"
    }
  ]
]


de.janno.discord.bot.command.BaseCommandOptionsTest.autoCompleteColorOption[polyhedral_alies_v2_de]=[
  [
    {
      "name": "blau_und_silber",
      "value": "blue_and_silver"
    },
    {
      "name": "schwarz_und_gold",
      "value": "black_and_gold"
    },
    {
      "name": "blau_und_gold",
      "value": "blue_and_gold"
    },
    {
      "name": "grün_und_gold",
      "value": "green_and_gold"
    },
    {
      "name": "orange_und_silber",
      "value": "orange_and_silver"
    },
    {
      "name": "rot_und_gold",
      "value": "red_and_gold"
    },
    {
      "name": "lila_und_silber",
      "value": "purple_and_silver"
    },
    {
      "name": "schwarz_und_rot",
      "value": "black_and_red"
    },
    {
      "name": "regenbogen",
      "value": "rainbow"
    },
    {
      "name": "schwarz_und_silber",
      "value": "black_and_silver"
    },
    {
      "name": "pink_und_silber",
      "value": "pink_and_silver"
    },
    {
      "name": "gelb_und_braun",
      "value": "yellow_and_brown"
    },
    {
      "name": "lila_und_schwarz",
      "value": "purple_and_black"
    },
    {
      "name": "blau_und_schwarz",
      "value": "blue_and_black"
    },
    {
      "name": "none",
      "value": "none"
    }
  ]
]


de.janno.discord.bot.command.BaseCommandOptionsTest.autoCompleteColorOption[polyhedral_alies_v2_en]=[
  [
    {
      "name": "blue_and_silver",
      "value": "blue_and_silver"
    },
    {
      "name": "black_and_gold",
      "value": "black_and_gold"
    },
    {
      "name": "blue_and_gold",
      "value": "blue_and_gold"
    },
    {
      "name": "green_and_gold",
      "value": "green_and_gold"
    },
    {
      "name": "orange_and_silver",
      "value": "orange_and_silver"
    },
    {
      "name": "red_and_gold",
      "value": "red_and_gold"
    },
    {
      "name": "purple_and_silver",
      "value": "purple_and_silver"
    },
    {
      "name": "black_and_red",
      "value": "black_and_red"
    },
    {
      "name": "rainbow",
      "value": "rainbow"
    },
    {
      "name": "black_and_silver",
      "value": "black_and_silver"
    },
    {
      "name": "pink_and_silver",
      "value": "pink_and_silver"
    },
    {
      "name": "yellow_and_brown",
      "value": "yellow_and_brown"
    },
    {
      "name": "purple_and_black",
      "value": "purple_and_black"
    },
    {
      "name": "blue_and_black",
      "value": "blue_and_black"
    },
    {
      "name": "none",
      "value": "none"
    }
  ]
]


de.janno.discord.bot.command.BaseCommandOptionsTest.autoCompleteColorOption[polyhedral_alies_v2_fr]=[
  [
    {
      "name": "bleu_et_argent",
      "value": "blue_and_silver"
    },
    {
      "name": "noir_et_or",
      "value": "black_and_gold"
    },
    {
      "name": "bleu_et_or",
      "value": "blue_and_gold"
    },
    {
      "name": "vert_et_or",
      "value": "green_and_gold"
    },
    {
      "name": "orange_et_argent",
      "value": "orange_and_silver"
    },
    {
      "name": "rouge_et_or",
      "value": "red_and_gold"
    },
    {
      "name": "violet_et_argent",
      "value": "purple_and_silver"
    },
    {
      "name": "noir_et_rouge",
      "value": "black_and_red"
    },
    {
      "name": "arc_en_ciel",
      "value": "rainbow"
    },
    {
      "name": "noir_et_argent",
      "value": "black_and_silver"
    },
    {
      "name": "rose_et_argent",
      "value": "pink_and_silver"
    },
    {
      "name": "jaune_et_brun",
      "value": "yellow_and_brown"
    },
    {
      "name": "violet_et_noir",
      "value": "purple_and_black"
    },
    {
      "name": "bleu_et_noir",
      "value": "blue_and_black"
    },
    {
      "name": "none",
      "value": "none"
    }
  ]
]


de.janno.discord.bot.command.BaseCommandOptionsTest.autoCompleteColorOption[polyhedral_alies_v2_pt_BR]=[
  [
    {
      "name": "azul_e_prata",
      "value": "blue_and_silver"
    },
    {
      "name": "preto_e_dourado",
      "value": "black_and_gold"
    },
    {
      "name": "azul_e_dourado",
      "value": "blue_and_gold"
    },
    {
      "name": "verde_e_dourado",
      "value": "green_and_gold"
    },
    {
      "name": "laranja_e_prata",
      "value": "orange_and_silver"
    },
    {
      "name": "vermelho_e_dourado",
      "value": "red_and_gold"
    },
    {
      "name": "roxo_e_prata",
      "value": "purple_and_silver"
    },
    {
      "name": "preto_e_vermelho",
      "value": "black_and_red"
    },
    {
      "name": "arco_íris",
      "value": "rainbow"
    },
    {
      "name": "preto_e_prata",
      "value": "black_and_silver"
    },
    {
      "name": "rosa_e_prata",
      "value": "pink_and_silver"
    },
    {
      "name": "amarelo_e_marrom",
      "value": "yellow_and_brown"
    },
    {
      "name": "roxo_e_preto",
      "value": "purple_and_black"
    },
    {
      "name": "azul_e_preto",
      "value": "blue_and_black"
    },
    {
      "name": "none",
      "value": "none"
    }
  ]
]


de.janno.discord.bot.command.BaseCommandOptionsTest.autoCompleteColorOption[polyhedral_knots_de]=[
  [
    {
      "name": "lila_dunkel",
      "value": "purple_dark"
    },
    {
      "name": "lila_weiß",
      "value": "purple_white"
    },
    {
      "name": "blau",
      "value": "blue"
    },
    {
      "name": "none",
      "value": "none"
    }
  ]
]


de.janno.discord.bot.command.BaseCommandOptionsTest.autoCompleteColorOption[polyhedral_knots_en]=[
  [
    {
      "name": "purple_dark",
      "value": "purple_dark"
    },
    {
      "name": "purple_white",
      "value": "purple_white"
    },
    {
      "name": "blue",
      "value": "blue"
    },
    {
      "name": "none",
      "value": "none"
    }
  ]
]


de.janno.discord.bot.command.BaseCommandOptionsTest.autoCompleteColorOption[polyhedral_knots_fr]=[
  [
    {
      "name": "violet_foncé",
      "value": "purple_dark"
    },
    {
      "name": "violet_blanc",
      "value": "purple_white"
    },
    {
      "name": "bleu",
      "value": "blue"
    },
    {
      "name": "none",
      "value": "none"
    }
  ]
]


de.janno.discord.bot.command.BaseCommandOptionsTest.autoCompleteColorOption[polyhedral_knots_pt_BR]=[
  [
    {
      "name": "roxo_escuro",
      "value": "purple_dark"
    },
    {
      "name": "roxo_claro",
      "value": "purple_white"
    },
    {
      "name": "azul",
      "value": "blue"
    },
    {
      "name": "none",
      "value": "none"
    }
  ]
]


de.janno.discord.bot.command.BaseCommandOptionsTest.autoCompleteColorOption_invalidStyle[de]=[
  [
    {
      "name": "Wähle zuerst einen Würfelbilderstil",
      "value": "none"
    }
  ]
]


de.janno.discord.bot.command.BaseCommandOptionsTest.autoCompleteColorOption_invalidStyle[en]=[
  [
    {
      "name": "Select the dice image style first",
      "value": "none"
    }
  ]
]


de.janno.discord.bot.command.BaseCommandOptionsTest.autoCompleteColorOption_invalidStyle[fr]=[
  [
    {
      "name": "Sélectionnez d'abord le style d'image des dés",
      "value": "none"
    }
  ]
]


de.janno.discord.bot.command.BaseCommandOptionsTest.autoCompleteColorOption_invalidStyle[pt_BR]=[
  [
    {
      "name": "Selecione o estilo da imagem do dado primeiro",
      "value": "none"
    }
  ]
]