de.janno.discord.bot.command.ClearCommandTest.getCommandDefinition=[
  {
    "name": "clear",
    "description": "Removes all button messages and saved bot data for this channel",
    "nameLocales": [ ],
    "descriptionLocales": [
      {
        "locale": "de",
        "description": "Entferne alle Button-Nachrichten und lösche alle dazugehörigen Daten in diesen Kanal"
      },
      {
        "locale": "pt_BR",
        "description": "Remove todas mensagens de botões e dados salvos pelo bot nesse canal"
      },
      {
        "locale": "fr",
        "description": "Supprime tous les messages des boutons et les données sauvegardées du bot pour ce canal."
      }
    ],
    "options": [
      {
        "type": "STRING",
        "name": "name",
        "nameLocales": [ ],
        "description": "Limits clear to commands with the selected name",
        "descriptionLocales": [
          {
            "locale": "de",
            "description": "Limitiert clear auf Befehle mit dem ausgewählten Namen"
          },
          {
            "locale": "pt_BR",
            "description": "Limita a limpeza a comandos com o nome selecionado"
          },
          {
            "locale": "fr",
            "description": "Limite l'accès aux commandes portant le nom sélectionné"
          }
        ],
        "required": false,
        "choices": [ ],
        "options": [ ],
        "autoComplete": true
      }
    ]
  }
]


de.janno.discord.bot.command.ClearCommandTest.getId=[
  "clear"
]